MPLINK 5.09, LINKER
Linker Map File - Created Wed Jun 10 11:32:45 2020

                                 Section Info
                  Section       Type    Address   Location Size(Bytes)
                ---------  ---------  ---------  ---------  ---------
                 RES_VECT       code   0x000000    program   0x000002
                   .cinit    romdata   0x000001    program   0x000004
                      ISR       code   0x000004    program   0x000c42
                MAIN_PROG       code   0x000625    program   0x00006a
.config_2007_BUILD/DEFAULT/DEBUG/MAIN.O       code   0x002007    program   0x000002
                  GPR_VAR      udata   0x000020       data   0x000010



                              Program Memory Usage 
                               Start         End      
                           ---------   ---------      
                            0x000000    0x000002      
                            0x000004    0x000659      
                            0x002007    0x002007      
            1626 out of 8454 program addresses used, program memory utilization is 19%



                              Symbols - Sorted by Name
                     Name    Address   Location    Storage File                     
                ---------  ---------  ---------  --------- ---------                
          ATIVA_DISPLAY_1   0x00001e    program     static C:\Users\souza\MPLABXProjects\Projeto.X\Main.asm
          ATIVA_DISPLAY_2   0x000021    program     static C:\Users\souza\MPLABXProjects\Projeto.X\Main.asm
          ATIVA_DISPLAY_3   0x000024    program     static C:\Users\souza\MPLABXProjects\Projeto.X\Main.asm
          ATIVA_DISPLAY_4   0x000027    program     static C:\Users\souza\MPLABXProjects\Projeto.X\Main.asm
                   CASE_0   0x0002f5    program     static C:\Users\souza\MPLABXProjects\Projeto.X\Main.asm
               CASE_D1XD2   0x0005af    program     static C:\Users\souza\MPLABXProjects\Projeto.X\Main.asm
               CASE_D1XU2   0x0004cb    program     static C:\Users\souza\MPLABXProjects\Projeto.X\Main.asm
               CASE_U1XD2   0x0003e7    program     static C:\Users\souza\MPLABXProjects\Projeto.X\Main.asm
               CASE_U1XU2   0x00037c    program     static C:\Users\souza\MPLABXProjects\Projeto.X\Main.asm
           CONFIG_DISPLAY   0x000013    program     static C:\Users\souza\MPLABXProjects\Projeto.X\Main.asm
          CONFIG_KEYBOARD   0x0001b5    program     static C:\Users\souza\MPLABXProjects\Projeto.X\Main.asm
                DELAY_1MS   0x000005    program     static C:\Users\souza\MPLABXProjects\Projeto.X\Main.asm
                DELAY_255   0x00000a    program     static C:\Users\souza\MPLABXProjects\Projeto.X\Main.asm
               DELAY_LOOP   0x000007    program     static C:\Users\souza\MPLABXProjects\Projeto.X\Main.asm
                 DELAY_LP   0x00000e    program     static C:\Users\souza\MPLABXProjects\Projeto.X\Main.asm
              DEZENA_1_OK   0x000339    program     static C:\Users\souza\MPLABXProjects\Projeto.X\Main.asm
        DEZENA_1_OK_D2_OK   0x000359    program     static C:\Users\souza\MPLABXProjects\Projeto.X\Main.asm
  DEZENA_1_OK_D2_OK_U1_OK   0x00036c    program     static C:\Users\souza\MPLABXProjects\Projeto.X\Main.asm
DEZENA_1_OK_D2_OK_U1_OK_U2_OK   0x000376    program     static C:\Users\souza\MPLABXProjects\Projeto.X\Main.asm
DEZENA_1_OK_D2_OK_U1_OK_U2_ZERO   0x000373    program     static C:\Users\souza\MPLABXProjects\Projeto.X\Main.asm
DEZENA_1_OK_D2_OK_U1_ZERO   0x000360    program     static C:\Users\souza\MPLABXProjects\Projeto.X\Main.asm
DEZENA_1_OK_D2_OK_U1_ZERO_U2_OK   0x000369    program     static C:\Users\souza\MPLABXProjects\Projeto.X\Main.asm
DEZENA_1_OK_D2_OK_U1_ZERO_U2_ZER   0x000367    program     static C:\Users\souza\MPLABXProjects\Projeto.X\Main.asm
      DEZENA_1_OK_D2_ZERO   0x000340    program     static C:\Users\souza\MPLABXProjects\Projeto.X\Main.asm
DEZENA_1_OK_D2_ZERO_U1_OK   0x000350    program     static C:\Users\souza\MPLABXProjects\Projeto.X\Main.asm
DEZENA_1_OK_D2_ZERO_U1_OK_U2_OK   0x000357    program     static C:\Users\souza\MPLABXProjects\Projeto.X\Main.asm
DEZENA_1_OK_D2_ZERO_U1_ZERO   0x000347    program     static C:\Users\souza\MPLABXProjects\Projeto.X\Main.asm
DEZENA_1_OK_D2_ZERO_U1_ZERO_U2_O   0x00034e    program     static C:\Users\souza\MPLABXProjects\Projeto.X\Main.asm
            DEZENA_1_ZERO   0x00030c    program     static C:\Users\souza\MPLABXProjects\Projeto.X\Main.asm
      DEZENA_1_ZERO_D2_OK   0x000325    program     static C:\Users\souza\MPLABXProjects\Projeto.X\Main.asm
DEZENA_1_ZERO_D2_OK_U1_OK   0x00032d    program     static C:\Users\souza\MPLABXProjects\Projeto.X\Main.asm
DEZENA_1_ZERO_D2_OK_U1_OK_U2_OK   0x000336    program     static C:\Users\souza\MPLABXProjects\Projeto.X\Main.asm
DEZENA_1_ZERO_D2_OK_U1_OK_U2_ZER   0x000334    program     static C:\Users\souza\MPLABXProjects\Projeto.X\Main.asm
DEZENA_1_ZERO_D2_OK_U1_ZERO   0x00032c    program     static C:\Users\souza\MPLABXProjects\Projeto.X\Main.asm
    DEZENA_1_ZERO_D2_ZERO   0x000313    program     static C:\Users\souza\MPLABXProjects\Projeto.X\Main.asm
DEZENA_1_ZERO_D2_ZERO_U1_OK   0x00031b    program     static C:\Users\souza\MPLABXProjects\Projeto.X\Main.asm
DEZENA_1_ZERO_D2_ZERO_U1_OK_U2_O   0x000323    program     static C:\Users\souza\MPLABXProjects\Projeto.X\Main.asm
DEZENA_1_ZERO_D2_ZERO_U1_OK_U2_Z   0x000322    program     static C:\Users\souza\MPLABXProjects\Projeto.X\Main.asm
DEZENA_1_ZERO_D2_ZERO_U1_ZERO   0x00031a    program     static C:\Users\souza\MPLABXProjects\Projeto.X\Main.asm
                D_CARRY_0   0x0002c1    program     static C:\Users\souza\MPLABXProjects\Projeto.X\Main.asm
                D_CARRY_1   0x0002c5    program     static C:\Users\souza\MPLABXProjects\Projeto.X\Main.asm
                D_CARRY_2   0x0002c9    program     static C:\Users\souza\MPLABXProjects\Projeto.X\Main.asm
                D_CARRY_3   0x0002cd    program     static C:\Users\souza\MPLABXProjects\Projeto.X\Main.asm
                D_CARRY_4   0x0002d1    program     static C:\Users\souza\MPLABXProjects\Projeto.X\Main.asm
                D_CARRY_5   0x0002d5    program     static C:\Users\souza\MPLABXProjects\Projeto.X\Main.asm
                D_CARRY_6   0x0002d9    program     static C:\Users\souza\MPLABXProjects\Projeto.X\Main.asm
                D_CARRY_7   0x0002dd    program     static C:\Users\souza\MPLABXProjects\Projeto.X\Main.asm
                D_CARRY_8   0x0002e1    program     static C:\Users\souza\MPLABXProjects\Projeto.X\Main.asm
                D_CARRY_9   0x0002e5    program     static C:\Users\souza\MPLABXProjects\Projeto.X\Main.asm
                D_TESTA11   0x000282    program     static C:\Users\souza\MPLABXProjects\Projeto.X\Main.asm
                D_TESTA12   0x000289    program     static C:\Users\souza\MPLABXProjects\Projeto.X\Main.asm
                D_TESTA13   0x000290    program     static C:\Users\souza\MPLABXProjects\Projeto.X\Main.asm
                D_TESTA14   0x000297    program     static C:\Users\souza\MPLABXProjects\Projeto.X\Main.asm
                D_TESTA15   0x00029e    program     static C:\Users\souza\MPLABXProjects\Projeto.X\Main.asm
                D_TESTA16   0x0002a5    program     static C:\Users\souza\MPLABXProjects\Projeto.X\Main.asm
                D_TESTA17   0x0002ac    program     static C:\Users\souza\MPLABXProjects\Projeto.X\Main.asm
                D_TESTA18   0x0002b3    program     static C:\Users\souza\MPLABXProjects\Projeto.X\Main.asm
                D_TESTA19   0x0002ba    program     static C:\Users\souza\MPLABXProjects\Projeto.X\Main.asm
          FALSE_CENTENA_0   0x0000e3    program     static C:\Users\souza\MPLABXProjects\Projeto.X\Main.asm
          FALSE_CENTENA_1   0x0000dc    program     static C:\Users\souza\MPLABXProjects\Projeto.X\Main.asm
          FALSE_CENTENA_2   0x0000d5    program     static C:\Users\souza\MPLABXProjects\Projeto.X\Main.asm
          FALSE_CENTENA_3   0x0000ce    program     static C:\Users\souza\MPLABXProjects\Projeto.X\Main.asm
          FALSE_CENTENA_4   0x0000c7    program     static C:\Users\souza\MPLABXProjects\Projeto.X\Main.asm
          FALSE_CENTENA_5   0x0000c0    program     static C:\Users\souza\MPLABXProjects\Projeto.X\Main.asm
          FALSE_CENTENA_6   0x0000b9    program     static C:\Users\souza\MPLABXProjects\Projeto.X\Main.asm
          FALSE_CENTENA_7   0x0000b2    program     static C:\Users\souza\MPLABXProjects\Projeto.X\Main.asm
          FALSE_CENTENA_8   0x0000ab    program     static C:\Users\souza\MPLABXProjects\Projeto.X\Main.asm
           FALSE_DEZENA_0   0x00013e    program     static C:\Users\souza\MPLABXProjects\Projeto.X\Main.asm
           FALSE_DEZENA_1   0x000137    program     static C:\Users\souza\MPLABXProjects\Projeto.X\Main.asm
           FALSE_DEZENA_2   0x000130    program     static C:\Users\souza\MPLABXProjects\Projeto.X\Main.asm
           FALSE_DEZENA_3   0x000129    program     static C:\Users\souza\MPLABXProjects\Projeto.X\Main.asm
           FALSE_DEZENA_4   0x000122    program     static C:\Users\souza\MPLABXProjects\Projeto.X\Main.asm
           FALSE_DEZENA_5   0x00011b    program     static C:\Users\souza\MPLABXProjects\Projeto.X\Main.asm
           FALSE_DEZENA_6   0x000114    program     static C:\Users\souza\MPLABXProjects\Projeto.X\Main.asm
           FALSE_DEZENA_7   0x00010d    program     static C:\Users\souza\MPLABXProjects\Projeto.X\Main.asm
           FALSE_DEZENA_8   0x000106    program     static C:\Users\souza\MPLABXProjects\Projeto.X\Main.asm
           FALSE_MILHAR_0   0x000088    program     static C:\Users\souza\MPLABXProjects\Projeto.X\Main.asm
           FALSE_MILHAR_1   0x000081    program     static C:\Users\souza\MPLABXProjects\Projeto.X\Main.asm
           FALSE_MILHAR_2   0x00007a    program     static C:\Users\souza\MPLABXProjects\Projeto.X\Main.asm
           FALSE_MILHAR_3   0x000073    program     static C:\Users\souza\MPLABXProjects\Projeto.X\Main.asm
           FALSE_MILHAR_4   0x00006c    program     static C:\Users\souza\MPLABXProjects\Projeto.X\Main.asm
           FALSE_MILHAR_5   0x000065    program     static C:\Users\souza\MPLABXProjects\Projeto.X\Main.asm
           FALSE_MILHAR_6   0x00005e    program     static C:\Users\souza\MPLABXProjects\Projeto.X\Main.asm
           FALSE_MILHAR_7   0x000057    program     static C:\Users\souza\MPLABXProjects\Projeto.X\Main.asm
           FALSE_MILHAR_8   0x000050    program     static C:\Users\souza\MPLABXProjects\Projeto.X\Main.asm
          FALSE_UNIDADE_0   0x000199    program     static C:\Users\souza\MPLABXProjects\Projeto.X\Main.asm
          FALSE_UNIDADE_1   0x000192    program     static C:\Users\souza\MPLABXProjects\Projeto.X\Main.asm
          FALSE_UNIDADE_2   0x00018b    program     static C:\Users\souza\MPLABXProjects\Projeto.X\Main.asm
          FALSE_UNIDADE_3   0x000184    program     static C:\Users\souza\MPLABXProjects\Projeto.X\Main.asm
          FALSE_UNIDADE_4   0x00017d    program     static C:\Users\souza\MPLABXProjects\Projeto.X\Main.asm
          FALSE_UNIDADE_5   0x000176    program     static C:\Users\souza\MPLABXProjects\Projeto.X\Main.asm
          FALSE_UNIDADE_6   0x00016f    program     static C:\Users\souza\MPLABXProjects\Projeto.X\Main.asm
          FALSE_UNIDADE_7   0x000168    program     static C:\Users\souza\MPLABXProjects\Projeto.X\Main.asm
          FALSE_UNIDADE_8   0x000161    program     static C:\Users\souza\MPLABXProjects\Projeto.X\Main.asm
        FIM_TESTE_CENTENA   0x000622    program     static C:\Users\souza\MPLABXProjects\Projeto.X\Main.asm
       FIM_TESTE_DEZENA_1   0x0004c8    program     static C:\Users\souza\MPLABXProjects\Projeto.X\Main.asm
       FIM_TESTE_DEZENA_2   0x0005ac    program     static C:\Users\souza\MPLABXProjects\Projeto.X\Main.asm
        FIM_TESTE_UNIDADE   0x0003e4    program     static C:\Users\souza\MPLABXProjects\Projeto.X\Main.asm
                    FINAL   0x0001b4    program     static C:\Users\souza\MPLABXProjects\Projeto.X\Main.asm
               INPUT_EXIT   0x00020e    program     static C:\Users\souza\MPLABXProjects\Projeto.X\Main.asm
               INPUT_LOOP   0x0001c1    program     static C:\Users\souza\MPLABXProjects\Projeto.X\Main.asm
               K1_CARRY_0   0x000584    program     static C:\Users\souza\MPLABXProjects\Projeto.X\Main.asm
               K1_CARRY_1   0x000588    program     static C:\Users\souza\MPLABXProjects\Projeto.X\Main.asm
               K1_CARRY_2   0x00058c    program     static C:\Users\souza\MPLABXProjects\Projeto.X\Main.asm
               K1_CARRY_3   0x000590    program     static C:\Users\souza\MPLABXProjects\Projeto.X\Main.asm
               K1_CARRY_4   0x000594    program     static C:\Users\souza\MPLABXProjects\Projeto.X\Main.asm
               K1_CARRY_5   0x000598    program     static C:\Users\souza\MPLABXProjects\Projeto.X\Main.asm
               K1_CARRY_6   0x00059c    program     static C:\Users\souza\MPLABXProjects\Projeto.X\Main.asm
               K1_CARRY_7   0x0005a0    program     static C:\Users\souza\MPLABXProjects\Projeto.X\Main.asm
               K1_CARRY_8   0x0005a4    program     static C:\Users\souza\MPLABXProjects\Projeto.X\Main.asm
               K1_CARRY_9   0x0005a8    program     static C:\Users\souza\MPLABXProjects\Projeto.X\Main.asm
               K1_TESTA11   0x000545    program     static C:\Users\souza\MPLABXProjects\Projeto.X\Main.asm
               K1_TESTA12   0x00054c    program     static C:\Users\souza\MPLABXProjects\Projeto.X\Main.asm
               K1_TESTA13   0x000553    program     static C:\Users\souza\MPLABXProjects\Projeto.X\Main.asm
               K1_TESTA14   0x00055a    program     static C:\Users\souza\MPLABXProjects\Projeto.X\Main.asm
               K1_TESTA15   0x000561    program     static C:\Users\souza\MPLABXProjects\Projeto.X\Main.asm
               K1_TESTA16   0x000568    program     static C:\Users\souza\MPLABXProjects\Projeto.X\Main.asm
               K1_TESTA17   0x00056f    program     static C:\Users\souza\MPLABXProjects\Projeto.X\Main.asm
               K1_TESTA18   0x000576    program     static C:\Users\souza\MPLABXProjects\Projeto.X\Main.asm
               K1_TESTA19   0x00057d    program     static C:\Users\souza\MPLABXProjects\Projeto.X\Main.asm
         KTESTA_CENTENA_1   0x00045a    program     static C:\Users\souza\MPLABXProjects\Projeto.X\Main.asm
         KTESTA_CENTENA_2   0x00053e    program     static C:\Users\souza\MPLABXProjects\Projeto.X\Main.asm
                K_CARRY_0   0x0004a0    program     static C:\Users\souza\MPLABXProjects\Projeto.X\Main.asm
                K_CARRY_1   0x0004a4    program     static C:\Users\souza\MPLABXProjects\Projeto.X\Main.asm
                K_CARRY_2   0x0004a8    program     static C:\Users\souza\MPLABXProjects\Projeto.X\Main.asm
                K_CARRY_3   0x0004ac    program     static C:\Users\souza\MPLABXProjects\Projeto.X\Main.asm
                K_CARRY_4   0x0004b0    program     static C:\Users\souza\MPLABXProjects\Projeto.X\Main.asm
                K_CARRY_5   0x0004b4    program     static C:\Users\souza\MPLABXProjects\Projeto.X\Main.asm
                K_CARRY_6   0x0004b8    program     static C:\Users\souza\MPLABXProjects\Projeto.X\Main.asm
                K_CARRY_7   0x0004bc    program     static C:\Users\souza\MPLABXProjects\Projeto.X\Main.asm
                K_CARRY_8   0x0004c0    program     static C:\Users\souza\MPLABXProjects\Projeto.X\Main.asm
                K_CARRY_9   0x0004c4    program     static C:\Users\souza\MPLABXProjects\Projeto.X\Main.asm
                K_TESTA11   0x000461    program     static C:\Users\souza\MPLABXProjects\Projeto.X\Main.asm
                K_TESTA12   0x000468    program     static C:\Users\souza\MPLABXProjects\Projeto.X\Main.asm
                K_TESTA13   0x00046f    program     static C:\Users\souza\MPLABXProjects\Projeto.X\Main.asm
                K_TESTA14   0x000476    program     static C:\Users\souza\MPLABXProjects\Projeto.X\Main.asm
                K_TESTA15   0x00047d    program     static C:\Users\souza\MPLABXProjects\Projeto.X\Main.asm
                K_TESTA16   0x000484    program     static C:\Users\souza\MPLABXProjects\Projeto.X\Main.asm
                K_TESTA17   0x00048b    program     static C:\Users\souza\MPLABXProjects\Projeto.X\Main.asm
                K_TESTA18   0x000492    program     static C:\Users\souza\MPLABXProjects\Projeto.X\Main.asm
                K_TESTA19   0x000499    program     static C:\Users\souza\MPLABXProjects\Projeto.X\Main.asm
                     LOOP   0x000639    program     static C:\Users\souza\MPLABXProjects\Projeto.X\Main.asm
             LOOP_CENTENA   0x0005b1    program     static C:\Users\souza\MPLABXProjects\Projeto.X\Main.asm
           LOOP_DEZENA_P1   0x0003e9    program     static C:\Users\souza\MPLABXProjects\Projeto.X\Main.asm
           LOOP_DEZENA_P2   0x0004cd    program     static C:\Users\souza\MPLABXProjects\Projeto.X\Main.asm
             LOOP_UNIDADE   0x00037e    program     static C:\Users\souza\MPLABXProjects\Projeto.X\Main.asm
               MC_CARRY_0   0x0005fa    program     static C:\Users\souza\MPLABXProjects\Projeto.X\Main.asm
               MC_CARRY_1   0x0005fe    program     static C:\Users\souza\MPLABXProjects\Projeto.X\Main.asm
               MC_CARRY_2   0x000602    program     static C:\Users\souza\MPLABXProjects\Projeto.X\Main.asm
               MC_CARRY_3   0x000606    program     static C:\Users\souza\MPLABXProjects\Projeto.X\Main.asm
               MC_CARRY_4   0x00060a    program     static C:\Users\souza\MPLABXProjects\Projeto.X\Main.asm
               MC_CARRY_5   0x00060e    program     static C:\Users\souza\MPLABXProjects\Projeto.X\Main.asm
               MC_CARRY_6   0x000612    program     static C:\Users\souza\MPLABXProjects\Projeto.X\Main.asm
               MC_CARRY_7   0x000616    program     static C:\Users\souza\MPLABXProjects\Projeto.X\Main.asm
               MC_CARRY_8   0x00061a    program     static C:\Users\souza\MPLABXProjects\Projeto.X\Main.asm
               MC_CARRY_9   0x00061e    program     static C:\Users\souza\MPLABXProjects\Projeto.X\Main.asm
               MC_TESTA11   0x0005bb    program     static C:\Users\souza\MPLABXProjects\Projeto.X\Main.asm
               MC_TESTA12   0x0005c2    program     static C:\Users\souza\MPLABXProjects\Projeto.X\Main.asm
               MC_TESTA13   0x0005c9    program     static C:\Users\souza\MPLABXProjects\Projeto.X\Main.asm
               MC_TESTA14   0x0005d0    program     static C:\Users\souza\MPLABXProjects\Projeto.X\Main.asm
               MC_TESTA15   0x0005d7    program     static C:\Users\souza\MPLABXProjects\Projeto.X\Main.asm
               MC_TESTA16   0x0005de    program     static C:\Users\souza\MPLABXProjects\Projeto.X\Main.asm
               MC_TESTA17   0x0005e5    program     static C:\Users\souza\MPLABXProjects\Projeto.X\Main.asm
               MC_TESTA18   0x0005ec    program     static C:\Users\souza\MPLABXProjects\Projeto.X\Main.asm
               MC_TESTA19   0x0005f3    program     static C:\Users\souza\MPLABXProjects\Projeto.X\Main.asm
              MD1_CARRY_0   0x000432    program     static C:\Users\souza\MPLABXProjects\Projeto.X\Main.asm
              MD1_CARRY_1   0x000436    program     static C:\Users\souza\MPLABXProjects\Projeto.X\Main.asm
              MD1_CARRY_2   0x00043a    program     static C:\Users\souza\MPLABXProjects\Projeto.X\Main.asm
              MD1_CARRY_3   0x00043e    program     static C:\Users\souza\MPLABXProjects\Projeto.X\Main.asm
              MD1_CARRY_4   0x000442    program     static C:\Users\souza\MPLABXProjects\Projeto.X\Main.asm
              MD1_CARRY_5   0x000446    program     static C:\Users\souza\MPLABXProjects\Projeto.X\Main.asm
              MD1_CARRY_6   0x00044a    program     static C:\Users\souza\MPLABXProjects\Projeto.X\Main.asm
              MD1_CARRY_7   0x00044e    program     static C:\Users\souza\MPLABXProjects\Projeto.X\Main.asm
              MD1_CARRY_8   0x000452    program     static C:\Users\souza\MPLABXProjects\Projeto.X\Main.asm
              MD1_CARRY_9   0x000456    program     static C:\Users\souza\MPLABXProjects\Projeto.X\Main.asm
              MD1_TESTA11   0x0003f3    program     static C:\Users\souza\MPLABXProjects\Projeto.X\Main.asm
              MD1_TESTA12   0x0003fa    program     static C:\Users\souza\MPLABXProjects\Projeto.X\Main.asm
              MD1_TESTA13   0x000401    program     static C:\Users\souza\MPLABXProjects\Projeto.X\Main.asm
              MD1_TESTA14   0x000408    program     static C:\Users\souza\MPLABXProjects\Projeto.X\Main.asm
              MD1_TESTA15   0x00040f    program     static C:\Users\souza\MPLABXProjects\Projeto.X\Main.asm
              MD1_TESTA16   0x000416    program     static C:\Users\souza\MPLABXProjects\Projeto.X\Main.asm
              MD1_TESTA17   0x00041d    program     static C:\Users\souza\MPLABXProjects\Projeto.X\Main.asm
              MD1_TESTA18   0x000424    program     static C:\Users\souza\MPLABXProjects\Projeto.X\Main.asm
              MD1_TESTA19   0x00042b    program     static C:\Users\souza\MPLABXProjects\Projeto.X\Main.asm
              MD2_CARRY_0   0x000516    program     static C:\Users\souza\MPLABXProjects\Projeto.X\Main.asm
              MD2_CARRY_1   0x00051a    program     static C:\Users\souza\MPLABXProjects\Projeto.X\Main.asm
              MD2_CARRY_2   0x00051e    program     static C:\Users\souza\MPLABXProjects\Projeto.X\Main.asm
              MD2_CARRY_3   0x000522    program     static C:\Users\souza\MPLABXProjects\Projeto.X\Main.asm
              MD2_CARRY_4   0x000526    program     static C:\Users\souza\MPLABXProjects\Projeto.X\Main.asm
              MD2_CARRY_5   0x00052a    program     static C:\Users\souza\MPLABXProjects\Projeto.X\Main.asm
              MD2_CARRY_6   0x00052e    program     static C:\Users\souza\MPLABXProjects\Projeto.X\Main.asm
              MD2_CARRY_7   0x000532    program     static C:\Users\souza\MPLABXProjects\Projeto.X\Main.asm
              MD2_CARRY_8   0x000536    program     static C:\Users\souza\MPLABXProjects\Projeto.X\Main.asm
              MD2_CARRY_9   0x00053a    program     static C:\Users\souza\MPLABXProjects\Projeto.X\Main.asm
              MD2_TESTA11   0x0004d7    program     static C:\Users\souza\MPLABXProjects\Projeto.X\Main.asm
              MD2_TESTA12   0x0004de    program     static C:\Users\souza\MPLABXProjects\Projeto.X\Main.asm
              MD2_TESTA13   0x0004e5    program     static C:\Users\souza\MPLABXProjects\Projeto.X\Main.asm
              MD2_TESTA14   0x0004ec    program     static C:\Users\souza\MPLABXProjects\Projeto.X\Main.asm
              MD2_TESTA15   0x0004f3    program     static C:\Users\souza\MPLABXProjects\Projeto.X\Main.asm
              MD2_TESTA16   0x0004fa    program     static C:\Users\souza\MPLABXProjects\Projeto.X\Main.asm
              MD2_TESTA17   0x000501    program     static C:\Users\souza\MPLABXProjects\Projeto.X\Main.asm
              MD2_TESTA18   0x000508    program     static C:\Users\souza\MPLABXProjects\Projeto.X\Main.asm
              MD2_TESTA19   0x00050f    program     static C:\Users\souza\MPLABXProjects\Projeto.X\Main.asm
                     MOV0   0x0001f0    program     static C:\Users\souza\MPLABXProjects\Projeto.X\Main.asm
                     MOV1   0x0001f3    program     static C:\Users\souza\MPLABXProjects\Projeto.X\Main.asm
                     MOV2   0x0001f6    program     static C:\Users\souza\MPLABXProjects\Projeto.X\Main.asm
                     MOV3   0x0001f9    program     static C:\Users\souza\MPLABXProjects\Projeto.X\Main.asm
                     MOV4   0x0001fc    program     static C:\Users\souza\MPLABXProjects\Projeto.X\Main.asm
                     MOV5   0x0001ff    program     static C:\Users\souza\MPLABXProjects\Projeto.X\Main.asm
                     MOV6   0x000202    program     static C:\Users\souza\MPLABXProjects\Projeto.X\Main.asm
                     MOV7   0x000205    program     static C:\Users\souza\MPLABXProjects\Projeto.X\Main.asm
                     MOV8   0x000208    program     static C:\Users\souza\MPLABXProjects\Projeto.X\Main.asm
                     MOV9   0x00020b    program     static C:\Users\souza\MPLABXProjects\Projeto.X\Main.asm
           MTESTA_CENTENA   0x0005b4    program     static C:\Users\souza\MPLABXProjects\Projeto.X\Main.asm
            MTESTA_DEZENA   0x0003ec    program     static C:\Users\souza\MPLABXProjects\Projeto.X\Main.asm
          MTESTA_DEZENA_2   0x0004d0    program     static C:\Users\souza\MPLABXProjects\Projeto.X\Main.asm
           MTESTA_UNIDADE   0x000381    program     static C:\Users\souza\MPLABXProjects\Projeto.X\Main.asm
            MULTIPLICACAO   0x000658    program     static C:\Users\souza\MPLABXProjects\Projeto.X\Main.asm
               MU_CARRY_0   0x0003c0    program     static C:\Users\souza\MPLABXProjects\Projeto.X\Main.asm
               MU_CARRY_1   0x0003c4    program     static C:\Users\souza\MPLABXProjects\Projeto.X\Main.asm
               MU_CARRY_2   0x0003c8    program     static C:\Users\souza\MPLABXProjects\Projeto.X\Main.asm
               MU_CARRY_3   0x0003cc    program     static C:\Users\souza\MPLABXProjects\Projeto.X\Main.asm
               MU_CARRY_4   0x0003d0    program     static C:\Users\souza\MPLABXProjects\Projeto.X\Main.asm
               MU_CARRY_5   0x0003d4    program     static C:\Users\souza\MPLABXProjects\Projeto.X\Main.asm
               MU_CARRY_6   0x0003d8    program     static C:\Users\souza\MPLABXProjects\Projeto.X\Main.asm
               MU_CARRY_7   0x0003dc    program     static C:\Users\souza\MPLABXProjects\Projeto.X\Main.asm
               MU_CARRY_8   0x0003e0    program     static C:\Users\souza\MPLABXProjects\Projeto.X\Main.asm
               MU_TESTA11   0x000388    program     static C:\Users\souza\MPLABXProjects\Projeto.X\Main.asm
               MU_TESTA12   0x00038f    program     static C:\Users\souza\MPLABXProjects\Projeto.X\Main.asm
               MU_TESTA13   0x000396    program     static C:\Users\souza\MPLABXProjects\Projeto.X\Main.asm
               MU_TESTA14   0x00039d    program     static C:\Users\souza\MPLABXProjects\Projeto.X\Main.asm
               MU_TESTA15   0x0003a4    program     static C:\Users\souza\MPLABXProjects\Projeto.X\Main.asm
               MU_TESTA16   0x0003ab    program     static C:\Users\souza\MPLABXProjects\Projeto.X\Main.asm
               MU_TESTA17   0x0003b2    program     static C:\Users\souza\MPLABXProjects\Projeto.X\Main.asm
               MU_TESTA18   0x0003b9    program     static C:\Users\souza\MPLABXProjects\Projeto.X\Main.asm
           OPERATOR_MULTI   0x000305    program     static C:\Users\souza\MPLABXProjects\Projeto.X\Main.asm
            OPERATOR_SOMA   0x000211    program     static C:\Users\souza\MPLABXProjects\Projeto.X\Main.asm
             OPERATOR_SUB   0x0002ea    program     static C:\Users\souza\MPLABXProjects\Projeto.X\Main.asm
                  PRINT_0   0x00002a    program     static C:\Users\souza\MPLABXProjects\Projeto.X\Main.asm
                  PRINT_1   0x00002d    program     static C:\Users\souza\MPLABXProjects\Projeto.X\Main.asm
                  PRINT_2   0x000030    program     static C:\Users\souza\MPLABXProjects\Projeto.X\Main.asm
                  PRINT_3   0x000033    program     static C:\Users\souza\MPLABXProjects\Projeto.X\Main.asm
                  PRINT_4   0x000036    program     static C:\Users\souza\MPLABXProjects\Projeto.X\Main.asm
                  PRINT_5   0x000039    program     static C:\Users\souza\MPLABXProjects\Projeto.X\Main.asm
                  PRINT_6   0x00003c    program     static C:\Users\souza\MPLABXProjects\Projeto.X\Main.asm
                  PRINT_7   0x00003f    program     static C:\Users\souza\MPLABXProjects\Projeto.X\Main.asm
                  PRINT_8   0x000042    program     static C:\Users\souza\MPLABXProjects\Projeto.X\Main.asm
                  PRINT_9   0x000045    program     static C:\Users\souza\MPLABXProjects\Projeto.X\Main.asm
                  REAJUST   0x0002fa    program     static C:\Users\souza\MPLABXProjects\Projeto.X\Main.asm
                RESULTADO   0x000638    program     static C:\Users\souza\MPLABXProjects\Projeto.X\Main.asm
                    SAIDA   0x0002e9    program     static C:\Users\souza\MPLABXProjects\Projeto.X\Main.asm
                SAIDA_MUL   0x00037b    program     static C:\Users\souza\MPLABXProjects\Projeto.X\Main.asm
             SHOW_CENTENA   0x0000a3    program     static C:\Users\souza\MPLABXProjects\Projeto.X\Main.asm
              SHOW_DEZENA   0x0000fe    program     static C:\Users\souza\MPLABXProjects\Projeto.X\Main.asm
             SHOW_NUMBERS   0x000048    program     static C:\Users\souza\MPLABXProjects\Projeto.X\Main.asm
             SHOW_UNIDADE   0x000159    program     static C:\Users\souza\MPLABXProjects\Projeto.X\Main.asm
                     SOMA   0x000654    program     static C:\Users\souza\MPLABXProjects\Projeto.X\Main.asm
                    START   0x000625    program     static C:\Users\souza\MPLABXProjects\Projeto.X\Main.asm
                SUBTRACAO   0x000656    program     static C:\Users\souza\MPLABXProjects\Projeto.X\Main.asm
             TESTA_DEZENA   0x000277    program     static C:\Users\souza\MPLABXProjects\Projeto.X\Main.asm
            TESTA_UNIDADE   0x000214    program     static C:\Users\souza\MPLABXProjects\Projeto.X\Main.asm
           TRUE_CENTENA_0   0x0000fc    program     static C:\Users\souza\MPLABXProjects\Projeto.X\Main.asm
           TRUE_CENTENA_1   0x0000fa    program     static C:\Users\souza\MPLABXProjects\Projeto.X\Main.asm
           TRUE_CENTENA_2   0x0000f8    program     static C:\Users\souza\MPLABXProjects\Projeto.X\Main.asm
           TRUE_CENTENA_3   0x0000f6    program     static C:\Users\souza\MPLABXProjects\Projeto.X\Main.asm
           TRUE_CENTENA_4   0x0000f4    program     static C:\Users\souza\MPLABXProjects\Projeto.X\Main.asm
           TRUE_CENTENA_5   0x0000f2    program     static C:\Users\souza\MPLABXProjects\Projeto.X\Main.asm
           TRUE_CENTENA_6   0x0000f0    program     static C:\Users\souza\MPLABXProjects\Projeto.X\Main.asm
           TRUE_CENTENA_7   0x0000ee    program     static C:\Users\souza\MPLABXProjects\Projeto.X\Main.asm
           TRUE_CENTENA_8   0x0000ec    program     static C:\Users\souza\MPLABXProjects\Projeto.X\Main.asm
           TRUE_CENTENA_9   0x0000ea    program     static C:\Users\souza\MPLABXProjects\Projeto.X\Main.asm
            TRUE_DEZENA_0   0x000157    program     static C:\Users\souza\MPLABXProjects\Projeto.X\Main.asm
            TRUE_DEZENA_1   0x000155    program     static C:\Users\souza\MPLABXProjects\Projeto.X\Main.asm
            TRUE_DEZENA_2   0x000153    program     static C:\Users\souza\MPLABXProjects\Projeto.X\Main.asm
            TRUE_DEZENA_3   0x000151    program     static C:\Users\souza\MPLABXProjects\Projeto.X\Main.asm
            TRUE_DEZENA_4   0x00014f    program     static C:\Users\souza\MPLABXProjects\Projeto.X\Main.asm
            TRUE_DEZENA_5   0x00014d    program     static C:\Users\souza\MPLABXProjects\Projeto.X\Main.asm
            TRUE_DEZENA_6   0x00014b    program     static C:\Users\souza\MPLABXProjects\Projeto.X\Main.asm
            TRUE_DEZENA_7   0x000149    program     static C:\Users\souza\MPLABXProjects\Projeto.X\Main.asm
            TRUE_DEZENA_8   0x000147    program     static C:\Users\souza\MPLABXProjects\Projeto.X\Main.asm
            TRUE_DEZENA_9   0x000145    program     static C:\Users\souza\MPLABXProjects\Projeto.X\Main.asm
            TRUE_MILHAR_0   0x0000a1    program     static C:\Users\souza\MPLABXProjects\Projeto.X\Main.asm
            TRUE_MILHAR_1   0x00009f    program     static C:\Users\souza\MPLABXProjects\Projeto.X\Main.asm
            TRUE_MILHAR_2   0x00009d    program     static C:\Users\souza\MPLABXProjects\Projeto.X\Main.asm
            TRUE_MILHAR_3   0x00009b    program     static C:\Users\souza\MPLABXProjects\Projeto.X\Main.asm
            TRUE_MILHAR_4   0x000099    program     static C:\Users\souza\MPLABXProjects\Projeto.X\Main.asm
            TRUE_MILHAR_5   0x000097    program     static C:\Users\souza\MPLABXProjects\Projeto.X\Main.asm
            TRUE_MILHAR_6   0x000095    program     static C:\Users\souza\MPLABXProjects\Projeto.X\Main.asm
            TRUE_MILHAR_7   0x000093    program     static C:\Users\souza\MPLABXProjects\Projeto.X\Main.asm
            TRUE_MILHAR_8   0x000091    program     static C:\Users\souza\MPLABXProjects\Projeto.X\Main.asm
            TRUE_MILHAR_9   0x00008f    program     static C:\Users\souza\MPLABXProjects\Projeto.X\Main.asm
           TRUE_UNIDADE_0   0x0001b2    program     static C:\Users\souza\MPLABXProjects\Projeto.X\Main.asm
           TRUE_UNIDADE_1   0x0001b0    program     static C:\Users\souza\MPLABXProjects\Projeto.X\Main.asm
           TRUE_UNIDADE_2   0x0001ae    program     static C:\Users\souza\MPLABXProjects\Projeto.X\Main.asm
           TRUE_UNIDADE_3   0x0001ac    program     static C:\Users\souza\MPLABXProjects\Projeto.X\Main.asm
           TRUE_UNIDADE_4   0x0001aa    program     static C:\Users\souza\MPLABXProjects\Projeto.X\Main.asm
           TRUE_UNIDADE_5   0x0001a8    program     static C:\Users\souza\MPLABXProjects\Projeto.X\Main.asm
           TRUE_UNIDADE_6   0x0001a6    program     static C:\Users\souza\MPLABXProjects\Projeto.X\Main.asm
           TRUE_UNIDADE_7   0x0001a4    program     static C:\Users\souza\MPLABXProjects\Projeto.X\Main.asm
           TRUE_UNIDADE_8   0x0001a2    program     static C:\Users\souza\MPLABXProjects\Projeto.X\Main.asm
           TRUE_UNIDADE_9   0x0001a0    program     static C:\Users\souza\MPLABXProjects\Projeto.X\Main.asm
                U_CARRY_0   0x000253    program     static C:\Users\souza\MPLABXProjects\Projeto.X\Main.asm
                U_CARRY_1   0x000257    program     static C:\Users\souza\MPLABXProjects\Projeto.X\Main.asm
                U_CARRY_2   0x00025b    program     static C:\Users\souza\MPLABXProjects\Projeto.X\Main.asm
                U_CARRY_3   0x00025f    program     static C:\Users\souza\MPLABXProjects\Projeto.X\Main.asm
                U_CARRY_4   0x000263    program     static C:\Users\souza\MPLABXProjects\Projeto.X\Main.asm
                U_CARRY_5   0x000267    program     static C:\Users\souza\MPLABXProjects\Projeto.X\Main.asm
                U_CARRY_6   0x00026b    program     static C:\Users\souza\MPLABXProjects\Projeto.X\Main.asm
                U_CARRY_7   0x00026f    program     static C:\Users\souza\MPLABXProjects\Projeto.X\Main.asm
                U_CARRY_8   0x000273    program     static C:\Users\souza\MPLABXProjects\Projeto.X\Main.asm
                U_TESTA11   0x00021b    program     static C:\Users\souza\MPLABXProjects\Projeto.X\Main.asm
                U_TESTA12   0x000222    program     static C:\Users\souza\MPLABXProjects\Projeto.X\Main.asm
                U_TESTA13   0x000229    program     static C:\Users\souza\MPLABXProjects\Projeto.X\Main.asm
                U_TESTA14   0x000230    program     static C:\Users\souza\MPLABXProjects\Projeto.X\Main.asm
                U_TESTA15   0x000237    program     static C:\Users\souza\MPLABXProjects\Projeto.X\Main.asm
                U_TESTA16   0x00023e    program     static C:\Users\souza\MPLABXProjects\Projeto.X\Main.asm
                U_TESTA17   0x000245    program     static C:\Users\souza\MPLABXProjects\Projeto.X\Main.asm
                U_TESTA18   0x00024c    program     static C:\Users\souza\MPLABXProjects\Projeto.X\Main.asm
            WAIT_OPERATOR   0x00063b    program     static C:\Users\souza\MPLABXProjects\Projeto.X\Main.asm
               AUX_INPUTD   0x000025       data     static C:\Users\souza\MPLABXProjects\Projeto.X\Main.asm
               AUX_INPUTU   0x000026       data     static C:\Users\souza\MPLABXProjects\Projeto.X\Main.asm
                  CENTENA   0x000028       data     static C:\Users\souza\MPLABXProjects\Projeto.X\Main.asm
                DELAY_FT1   0x000020       data     static C:\Users\souza\MPLABXProjects\Projeto.X\Main.asm
                DELAY_FT2   0x000021       data     static C:\Users\souza\MPLABXProjects\Projeto.X\Main.asm
                DELAY_FT3   0x000022       data     static C:\Users\souza\MPLABXProjects\Projeto.X\Main.asm
                   DEZENA   0x000029       data     static C:\Users\souza\MPLABXProjects\Projeto.X\Main.asm
                 INPUT_D1   0x00002c       data     static C:\Users\souza\MPLABXProjects\Projeto.X\Main.asm
                 INPUT_D2   0x00002e       data     static C:\Users\souza\MPLABXProjects\Projeto.X\Main.asm
                 INPUT_U1   0x00002d       data     static C:\Users\souza\MPLABXProjects\Projeto.X\Main.asm
                 INPUT_U2   0x00002f       data     static C:\Users\souza\MPLABXProjects\Projeto.X\Main.asm
                INPUT_VAL   0x00002b       data     static C:\Users\souza\MPLABXProjects\Projeto.X\Main.asm
                   MILHAR   0x000027       data     static C:\Users\souza\MPLABXProjects\Projeto.X\Main.asm
                  RES_SOM   0x000024       data     static C:\Users\souza\MPLABXProjects\Projeto.X\Main.asm
                  RES_SUB   0x000023       data     static C:\Users\souza\MPLABXProjects\Projeto.X\Main.asm
                  UNIDADE   0x00002a       data     static C:\Users\souza\MPLABXProjects\Projeto.X\Main.asm



                              Symbols - Sorted by Address
                     Name    Address   Location    Storage File                     
                ---------  ---------  ---------  --------- ---------                
                DELAY_1MS   0x000005    program     static C:\Users\souza\MPLABXProjects\Projeto.X\Main.asm
               DELAY_LOOP   0x000007    program     static C:\Users\souza\MPLABXProjects\Projeto.X\Main.asm
                DELAY_255   0x00000a    program     static C:\Users\souza\MPLABXProjects\Projeto.X\Main.asm
                 DELAY_LP   0x00000e    program     static C:\Users\souza\MPLABXProjects\Projeto.X\Main.asm
           CONFIG_DISPLAY   0x000013    program     static C:\Users\souza\MPLABXProjects\Projeto.X\Main.asm
          ATIVA_DISPLAY_1   0x00001e    program     static C:\Users\souza\MPLABXProjects\Projeto.X\Main.asm
          ATIVA_DISPLAY_2   0x000021    program     static C:\Users\souza\MPLABXProjects\Projeto.X\Main.asm
          ATIVA_DISPLAY_3   0x000024    program     static C:\Users\souza\MPLABXProjects\Projeto.X\Main.asm
          ATIVA_DISPLAY_4   0x000027    program     static C:\Users\souza\MPLABXProjects\Projeto.X\Main.asm
                  PRINT_0   0x00002a    program     static C:\Users\souza\MPLABXProjects\Projeto.X\Main.asm
                  PRINT_1   0x00002d    program     static C:\Users\souza\MPLABXProjects\Projeto.X\Main.asm
                  PRINT_2   0x000030    program     static C:\Users\souza\MPLABXProjects\Projeto.X\Main.asm
                  PRINT_3   0x000033    program     static C:\Users\souza\MPLABXProjects\Projeto.X\Main.asm
                  PRINT_4   0x000036    program     static C:\Users\souza\MPLABXProjects\Projeto.X\Main.asm
                  PRINT_5   0x000039    program     static C:\Users\souza\MPLABXProjects\Projeto.X\Main.asm
                  PRINT_6   0x00003c    program     static C:\Users\souza\MPLABXProjects\Projeto.X\Main.asm
                  PRINT_7   0x00003f    program     static C:\Users\souza\MPLABXProjects\Projeto.X\Main.asm
                  PRINT_8   0x000042    program     static C:\Users\souza\MPLABXProjects\Projeto.X\Main.asm
                  PRINT_9   0x000045    program     static C:\Users\souza\MPLABXProjects\Projeto.X\Main.asm
             SHOW_NUMBERS   0x000048    program     static C:\Users\souza\MPLABXProjects\Projeto.X\Main.asm
           FALSE_MILHAR_8   0x000050    program     static C:\Users\souza\MPLABXProjects\Projeto.X\Main.asm
           FALSE_MILHAR_7   0x000057    program     static C:\Users\souza\MPLABXProjects\Projeto.X\Main.asm
           FALSE_MILHAR_6   0x00005e    program     static C:\Users\souza\MPLABXProjects\Projeto.X\Main.asm
           FALSE_MILHAR_5   0x000065    program     static C:\Users\souza\MPLABXProjects\Projeto.X\Main.asm
           FALSE_MILHAR_4   0x00006c    program     static C:\Users\souza\MPLABXProjects\Projeto.X\Main.asm
           FALSE_MILHAR_3   0x000073    program     static C:\Users\souza\MPLABXProjects\Projeto.X\Main.asm
           FALSE_MILHAR_2   0x00007a    program     static C:\Users\souza\MPLABXProjects\Projeto.X\Main.asm
           FALSE_MILHAR_1   0x000081    program     static C:\Users\souza\MPLABXProjects\Projeto.X\Main.asm
           FALSE_MILHAR_0   0x000088    program     static C:\Users\souza\MPLABXProjects\Projeto.X\Main.asm
            TRUE_MILHAR_9   0x00008f    program     static C:\Users\souza\MPLABXProjects\Projeto.X\Main.asm
            TRUE_MILHAR_8   0x000091    program     static C:\Users\souza\MPLABXProjects\Projeto.X\Main.asm
            TRUE_MILHAR_7   0x000093    program     static C:\Users\souza\MPLABXProjects\Projeto.X\Main.asm
            TRUE_MILHAR_6   0x000095    program     static C:\Users\souza\MPLABXProjects\Projeto.X\Main.asm
            TRUE_MILHAR_5   0x000097    program     static C:\Users\souza\MPLABXProjects\Projeto.X\Main.asm
            TRUE_MILHAR_4   0x000099    program     static C:\Users\souza\MPLABXProjects\Projeto.X\Main.asm
            TRUE_MILHAR_3   0x00009b    program     static C:\Users\souza\MPLABXProjects\Projeto.X\Main.asm
            TRUE_MILHAR_2   0x00009d    program     static C:\Users\souza\MPLABXProjects\Projeto.X\Main.asm
            TRUE_MILHAR_1   0x00009f    program     static C:\Users\souza\MPLABXProjects\Projeto.X\Main.asm
            TRUE_MILHAR_0   0x0000a1    program     static C:\Users\souza\MPLABXProjects\Projeto.X\Main.asm
             SHOW_CENTENA   0x0000a3    program     static C:\Users\souza\MPLABXProjects\Projeto.X\Main.asm
          FALSE_CENTENA_8   0x0000ab    program     static C:\Users\souza\MPLABXProjects\Projeto.X\Main.asm
          FALSE_CENTENA_7   0x0000b2    program     static C:\Users\souza\MPLABXProjects\Projeto.X\Main.asm
          FALSE_CENTENA_6   0x0000b9    program     static C:\Users\souza\MPLABXProjects\Projeto.X\Main.asm
          FALSE_CENTENA_5   0x0000c0    program     static C:\Users\souza\MPLABXProjects\Projeto.X\Main.asm
          FALSE_CENTENA_4   0x0000c7    program     static C:\Users\souza\MPLABXProjects\Projeto.X\Main.asm
          FALSE_CENTENA_3   0x0000ce    program     static C:\Users\souza\MPLABXProjects\Projeto.X\Main.asm
          FALSE_CENTENA_2   0x0000d5    program     static C:\Users\souza\MPLABXProjects\Projeto.X\Main.asm
          FALSE_CENTENA_1   0x0000dc    program     static C:\Users\souza\MPLABXProjects\Projeto.X\Main.asm
          FALSE_CENTENA_0   0x0000e3    program     static C:\Users\souza\MPLABXProjects\Projeto.X\Main.asm
           TRUE_CENTENA_9   0x0000ea    program     static C:\Users\souza\MPLABXProjects\Projeto.X\Main.asm
           TRUE_CENTENA_8   0x0000ec    program     static C:\Users\souza\MPLABXProjects\Projeto.X\Main.asm
           TRUE_CENTENA_7   0x0000ee    program     static C:\Users\souza\MPLABXProjects\Projeto.X\Main.asm
           TRUE_CENTENA_6   0x0000f0    program     static C:\Users\souza\MPLABXProjects\Projeto.X\Main.asm
           TRUE_CENTENA_5   0x0000f2    program     static C:\Users\souza\MPLABXProjects\Projeto.X\Main.asm
           TRUE_CENTENA_4   0x0000f4    program     static C:\Users\souza\MPLABXProjects\Projeto.X\Main.asm
           TRUE_CENTENA_3   0x0000f6    program     static C:\Users\souza\MPLABXProjects\Projeto.X\Main.asm
           TRUE_CENTENA_2   0x0000f8    program     static C:\Users\souza\MPLABXProjects\Projeto.X\Main.asm
           TRUE_CENTENA_1   0x0000fa    program     static C:\Users\souza\MPLABXProjects\Projeto.X\Main.asm
           TRUE_CENTENA_0   0x0000fc    program     static C:\Users\souza\MPLABXProjects\Projeto.X\Main.asm
              SHOW_DEZENA   0x0000fe    program     static C:\Users\souza\MPLABXProjects\Projeto.X\Main.asm
           FALSE_DEZENA_8   0x000106    program     static C:\Users\souza\MPLABXProjects\Projeto.X\Main.asm
           FALSE_DEZENA_7   0x00010d    program     static C:\Users\souza\MPLABXProjects\Projeto.X\Main.asm
           FALSE_DEZENA_6   0x000114    program     static C:\Users\souza\MPLABXProjects\Projeto.X\Main.asm
           FALSE_DEZENA_5   0x00011b    program     static C:\Users\souza\MPLABXProjects\Projeto.X\Main.asm
           FALSE_DEZENA_4   0x000122    program     static C:\Users\souza\MPLABXProjects\Projeto.X\Main.asm
           FALSE_DEZENA_3   0x000129    program     static C:\Users\souza\MPLABXProjects\Projeto.X\Main.asm
           FALSE_DEZENA_2   0x000130    program     static C:\Users\souza\MPLABXProjects\Projeto.X\Main.asm
           FALSE_DEZENA_1   0x000137    program     static C:\Users\souza\MPLABXProjects\Projeto.X\Main.asm
           FALSE_DEZENA_0   0x00013e    program     static C:\Users\souza\MPLABXProjects\Projeto.X\Main.asm
            TRUE_DEZENA_9   0x000145    program     static C:\Users\souza\MPLABXProjects\Projeto.X\Main.asm
            TRUE_DEZENA_8   0x000147    program     static C:\Users\souza\MPLABXProjects\Projeto.X\Main.asm
            TRUE_DEZENA_7   0x000149    program     static C:\Users\souza\MPLABXProjects\Projeto.X\Main.asm
            TRUE_DEZENA_6   0x00014b    program     static C:\Users\souza\MPLABXProjects\Projeto.X\Main.asm
            TRUE_DEZENA_5   0x00014d    program     static C:\Users\souza\MPLABXProjects\Projeto.X\Main.asm
            TRUE_DEZENA_4   0x00014f    program     static C:\Users\souza\MPLABXProjects\Projeto.X\Main.asm
            TRUE_DEZENA_3   0x000151    program     static C:\Users\souza\MPLABXProjects\Projeto.X\Main.asm
            TRUE_DEZENA_2   0x000153    program     static C:\Users\souza\MPLABXProjects\Projeto.X\Main.asm
            TRUE_DEZENA_1   0x000155    program     static C:\Users\souza\MPLABXProjects\Projeto.X\Main.asm
            TRUE_DEZENA_0   0x000157    program     static C:\Users\souza\MPLABXProjects\Projeto.X\Main.asm
             SHOW_UNIDADE   0x000159    program     static C:\Users\souza\MPLABXProjects\Projeto.X\Main.asm
          FALSE_UNIDADE_8   0x000161    program     static C:\Users\souza\MPLABXProjects\Projeto.X\Main.asm
          FALSE_UNIDADE_7   0x000168    program     static C:\Users\souza\MPLABXProjects\Projeto.X\Main.asm
          FALSE_UNIDADE_6   0x00016f    program     static C:\Users\souza\MPLABXProjects\Projeto.X\Main.asm
          FALSE_UNIDADE_5   0x000176    program     static C:\Users\souza\MPLABXProjects\Projeto.X\Main.asm
          FALSE_UNIDADE_4   0x00017d    program     static C:\Users\souza\MPLABXProjects\Projeto.X\Main.asm
          FALSE_UNIDADE_3   0x000184    program     static C:\Users\souza\MPLABXProjects\Projeto.X\Main.asm
          FALSE_UNIDADE_2   0x00018b    program     static C:\Users\souza\MPLABXProjects\Projeto.X\Main.asm
          FALSE_UNIDADE_1   0x000192    program     static C:\Users\souza\MPLABXProjects\Projeto.X\Main.asm
          FALSE_UNIDADE_0   0x000199    program     static C:\Users\souza\MPLABXProjects\Projeto.X\Main.asm
           TRUE_UNIDADE_9   0x0001a0    program     static C:\Users\souza\MPLABXProjects\Projeto.X\Main.asm
           TRUE_UNIDADE_8   0x0001a2    program     static C:\Users\souza\MPLABXProjects\Projeto.X\Main.asm
           TRUE_UNIDADE_7   0x0001a4    program     static C:\Users\souza\MPLABXProjects\Projeto.X\Main.asm
           TRUE_UNIDADE_6   0x0001a6    program     static C:\Users\souza\MPLABXProjects\Projeto.X\Main.asm
           TRUE_UNIDADE_5   0x0001a8    program     static C:\Users\souza\MPLABXProjects\Projeto.X\Main.asm
           TRUE_UNIDADE_4   0x0001aa    program     static C:\Users\souza\MPLABXProjects\Projeto.X\Main.asm
           TRUE_UNIDADE_3   0x0001ac    program     static C:\Users\souza\MPLABXProjects\Projeto.X\Main.asm
           TRUE_UNIDADE_2   0x0001ae    program     static C:\Users\souza\MPLABXProjects\Projeto.X\Main.asm
           TRUE_UNIDADE_1   0x0001b0    program     static C:\Users\souza\MPLABXProjects\Projeto.X\Main.asm
           TRUE_UNIDADE_0   0x0001b2    program     static C:\Users\souza\MPLABXProjects\Projeto.X\Main.asm
                    FINAL   0x0001b4    program     static C:\Users\souza\MPLABXProjects\Projeto.X\Main.asm
          CONFIG_KEYBOARD   0x0001b5    program     static C:\Users\souza\MPLABXProjects\Projeto.X\Main.asm
               INPUT_LOOP   0x0001c1    program     static C:\Users\souza\MPLABXProjects\Projeto.X\Main.asm
                     MOV0   0x0001f0    program     static C:\Users\souza\MPLABXProjects\Projeto.X\Main.asm
                     MOV1   0x0001f3    program     static C:\Users\souza\MPLABXProjects\Projeto.X\Main.asm
                     MOV2   0x0001f6    program     static C:\Users\souza\MPLABXProjects\Projeto.X\Main.asm
                     MOV3   0x0001f9    program     static C:\Users\souza\MPLABXProjects\Projeto.X\Main.asm
                     MOV4   0x0001fc    program     static C:\Users\souza\MPLABXProjects\Projeto.X\Main.asm
                     MOV5   0x0001ff    program     static C:\Users\souza\MPLABXProjects\Projeto.X\Main.asm
                     MOV6   0x000202    program     static C:\Users\souza\MPLABXProjects\Projeto.X\Main.asm
                     MOV7   0x000205    program     static C:\Users\souza\MPLABXProjects\Projeto.X\Main.asm
                     MOV8   0x000208    program     static C:\Users\souza\MPLABXProjects\Projeto.X\Main.asm
                     MOV9   0x00020b    program     static C:\Users\souza\MPLABXProjects\Projeto.X\Main.asm
               INPUT_EXIT   0x00020e    program     static C:\Users\souza\MPLABXProjects\Projeto.X\Main.asm
            OPERATOR_SOMA   0x000211    program     static C:\Users\souza\MPLABXProjects\Projeto.X\Main.asm
            TESTA_UNIDADE   0x000214    program     static C:\Users\souza\MPLABXProjects\Projeto.X\Main.asm
                U_TESTA11   0x00021b    program     static C:\Users\souza\MPLABXProjects\Projeto.X\Main.asm
                U_TESTA12   0x000222    program     static C:\Users\souza\MPLABXProjects\Projeto.X\Main.asm
                U_TESTA13   0x000229    program     static C:\Users\souza\MPLABXProjects\Projeto.X\Main.asm
                U_TESTA14   0x000230    program     static C:\Users\souza\MPLABXProjects\Projeto.X\Main.asm
                U_TESTA15   0x000237    program     static C:\Users\souza\MPLABXProjects\Projeto.X\Main.asm
                U_TESTA16   0x00023e    program     static C:\Users\souza\MPLABXProjects\Projeto.X\Main.asm
                U_TESTA17   0x000245    program     static C:\Users\souza\MPLABXProjects\Projeto.X\Main.asm
                U_TESTA18   0x00024c    program     static C:\Users\souza\MPLABXProjects\Projeto.X\Main.asm
                U_CARRY_0   0x000253    program     static C:\Users\souza\MPLABXProjects\Projeto.X\Main.asm
                U_CARRY_1   0x000257    program     static C:\Users\souza\MPLABXProjects\Projeto.X\Main.asm
                U_CARRY_2   0x00025b    program     static C:\Users\souza\MPLABXProjects\Projeto.X\Main.asm
                U_CARRY_3   0x00025f    program     static C:\Users\souza\MPLABXProjects\Projeto.X\Main.asm
                U_CARRY_4   0x000263    program     static C:\Users\souza\MPLABXProjects\Projeto.X\Main.asm
                U_CARRY_5   0x000267    program     static C:\Users\souza\MPLABXProjects\Projeto.X\Main.asm
                U_CARRY_6   0x00026b    program     static C:\Users\souza\MPLABXProjects\Projeto.X\Main.asm
                U_CARRY_7   0x00026f    program     static C:\Users\souza\MPLABXProjects\Projeto.X\Main.asm
                U_CARRY_8   0x000273    program     static C:\Users\souza\MPLABXProjects\Projeto.X\Main.asm
             TESTA_DEZENA   0x000277    program     static C:\Users\souza\MPLABXProjects\Projeto.X\Main.asm
                D_TESTA11   0x000282    program     static C:\Users\souza\MPLABXProjects\Projeto.X\Main.asm
                D_TESTA12   0x000289    program     static C:\Users\souza\MPLABXProjects\Projeto.X\Main.asm
                D_TESTA13   0x000290    program     static C:\Users\souza\MPLABXProjects\Projeto.X\Main.asm
                D_TESTA14   0x000297    program     static C:\Users\souza\MPLABXProjects\Projeto.X\Main.asm
                D_TESTA15   0x00029e    program     static C:\Users\souza\MPLABXProjects\Projeto.X\Main.asm
                D_TESTA16   0x0002a5    program     static C:\Users\souza\MPLABXProjects\Projeto.X\Main.asm
                D_TESTA17   0x0002ac    program     static C:\Users\souza\MPLABXProjects\Projeto.X\Main.asm
                D_TESTA18   0x0002b3    program     static C:\Users\souza\MPLABXProjects\Projeto.X\Main.asm
                D_TESTA19   0x0002ba    program     static C:\Users\souza\MPLABXProjects\Projeto.X\Main.asm
                D_CARRY_0   0x0002c1    program     static C:\Users\souza\MPLABXProjects\Projeto.X\Main.asm
                D_CARRY_1   0x0002c5    program     static C:\Users\souza\MPLABXProjects\Projeto.X\Main.asm
                D_CARRY_2   0x0002c9    program     static C:\Users\souza\MPLABXProjects\Projeto.X\Main.asm
                D_CARRY_3   0x0002cd    program     static C:\Users\souza\MPLABXProjects\Projeto.X\Main.asm
                D_CARRY_4   0x0002d1    program     static C:\Users\souza\MPLABXProjects\Projeto.X\Main.asm
                D_CARRY_5   0x0002d5    program     static C:\Users\souza\MPLABXProjects\Projeto.X\Main.asm
                D_CARRY_6   0x0002d9    program     static C:\Users\souza\MPLABXProjects\Projeto.X\Main.asm
                D_CARRY_7   0x0002dd    program     static C:\Users\souza\MPLABXProjects\Projeto.X\Main.asm
                D_CARRY_8   0x0002e1    program     static C:\Users\souza\MPLABXProjects\Projeto.X\Main.asm
                D_CARRY_9   0x0002e5    program     static C:\Users\souza\MPLABXProjects\Projeto.X\Main.asm
                    SAIDA   0x0002e9    program     static C:\Users\souza\MPLABXProjects\Projeto.X\Main.asm
             OPERATOR_SUB   0x0002ea    program     static C:\Users\souza\MPLABXProjects\Projeto.X\Main.asm
                   CASE_0   0x0002f5    program     static C:\Users\souza\MPLABXProjects\Projeto.X\Main.asm
                  REAJUST   0x0002fa    program     static C:\Users\souza\MPLABXProjects\Projeto.X\Main.asm
           OPERATOR_MULTI   0x000305    program     static C:\Users\souza\MPLABXProjects\Projeto.X\Main.asm
            DEZENA_1_ZERO   0x00030c    program     static C:\Users\souza\MPLABXProjects\Projeto.X\Main.asm
    DEZENA_1_ZERO_D2_ZERO   0x000313    program     static C:\Users\souza\MPLABXProjects\Projeto.X\Main.asm
DEZENA_1_ZERO_D2_ZERO_U1_ZERO   0x00031a    program     static C:\Users\souza\MPLABXProjects\Projeto.X\Main.asm
DEZENA_1_ZERO_D2_ZERO_U1_OK   0x00031b    program     static C:\Users\souza\MPLABXProjects\Projeto.X\Main.asm
DEZENA_1_ZERO_D2_ZERO_U1_OK_U2_Z   0x000322    program     static C:\Users\souza\MPLABXProjects\Projeto.X\Main.asm
DEZENA_1_ZERO_D2_ZERO_U1_OK_U2_O   0x000323    program     static C:\Users\souza\MPLABXProjects\Projeto.X\Main.asm
      DEZENA_1_ZERO_D2_OK   0x000325    program     static C:\Users\souza\MPLABXProjects\Projeto.X\Main.asm
DEZENA_1_ZERO_D2_OK_U1_ZERO   0x00032c    program     static C:\Users\souza\MPLABXProjects\Projeto.X\Main.asm
DEZENA_1_ZERO_D2_OK_U1_OK   0x00032d    program     static C:\Users\souza\MPLABXProjects\Projeto.X\Main.asm
DEZENA_1_ZERO_D2_OK_U1_OK_U2_ZER   0x000334    program     static C:\Users\souza\MPLABXProjects\Projeto.X\Main.asm
DEZENA_1_ZERO_D2_OK_U1_OK_U2_OK   0x000336    program     static C:\Users\souza\MPLABXProjects\Projeto.X\Main.asm
              DEZENA_1_OK   0x000339    program     static C:\Users\souza\MPLABXProjects\Projeto.X\Main.asm
      DEZENA_1_OK_D2_ZERO   0x000340    program     static C:\Users\souza\MPLABXProjects\Projeto.X\Main.asm
DEZENA_1_OK_D2_ZERO_U1_ZERO   0x000347    program     static C:\Users\souza\MPLABXProjects\Projeto.X\Main.asm
DEZENA_1_OK_D2_ZERO_U1_ZERO_U2_O   0x00034e    program     static C:\Users\souza\MPLABXProjects\Projeto.X\Main.asm
DEZENA_1_OK_D2_ZERO_U1_OK   0x000350    program     static C:\Users\souza\MPLABXProjects\Projeto.X\Main.asm
DEZENA_1_OK_D2_ZERO_U1_OK_U2_OK   0x000357    program     static C:\Users\souza\MPLABXProjects\Projeto.X\Main.asm
        DEZENA_1_OK_D2_OK   0x000359    program     static C:\Users\souza\MPLABXProjects\Projeto.X\Main.asm
DEZENA_1_OK_D2_OK_U1_ZERO   0x000360    program     static C:\Users\souza\MPLABXProjects\Projeto.X\Main.asm
DEZENA_1_OK_D2_OK_U1_ZERO_U2_ZER   0x000367    program     static C:\Users\souza\MPLABXProjects\Projeto.X\Main.asm
DEZENA_1_OK_D2_OK_U1_ZERO_U2_OK   0x000369    program     static C:\Users\souza\MPLABXProjects\Projeto.X\Main.asm
  DEZENA_1_OK_D2_OK_U1_OK   0x00036c    program     static C:\Users\souza\MPLABXProjects\Projeto.X\Main.asm
DEZENA_1_OK_D2_OK_U1_OK_U2_ZERO   0x000373    program     static C:\Users\souza\MPLABXProjects\Projeto.X\Main.asm
DEZENA_1_OK_D2_OK_U1_OK_U2_OK   0x000376    program     static C:\Users\souza\MPLABXProjects\Projeto.X\Main.asm
                SAIDA_MUL   0x00037b    program     static C:\Users\souza\MPLABXProjects\Projeto.X\Main.asm
               CASE_U1XU2   0x00037c    program     static C:\Users\souza\MPLABXProjects\Projeto.X\Main.asm
             LOOP_UNIDADE   0x00037e    program     static C:\Users\souza\MPLABXProjects\Projeto.X\Main.asm
           MTESTA_UNIDADE   0x000381    program     static C:\Users\souza\MPLABXProjects\Projeto.X\Main.asm
               MU_TESTA11   0x000388    program     static C:\Users\souza\MPLABXProjects\Projeto.X\Main.asm
               MU_TESTA12   0x00038f    program     static C:\Users\souza\MPLABXProjects\Projeto.X\Main.asm
               MU_TESTA13   0x000396    program     static C:\Users\souza\MPLABXProjects\Projeto.X\Main.asm
               MU_TESTA14   0x00039d    program     static C:\Users\souza\MPLABXProjects\Projeto.X\Main.asm
               MU_TESTA15   0x0003a4    program     static C:\Users\souza\MPLABXProjects\Projeto.X\Main.asm
               MU_TESTA16   0x0003ab    program     static C:\Users\souza\MPLABXProjects\Projeto.X\Main.asm
               MU_TESTA17   0x0003b2    program     static C:\Users\souza\MPLABXProjects\Projeto.X\Main.asm
               MU_TESTA18   0x0003b9    program     static C:\Users\souza\MPLABXProjects\Projeto.X\Main.asm
               MU_CARRY_0   0x0003c0    program     static C:\Users\souza\MPLABXProjects\Projeto.X\Main.asm
               MU_CARRY_1   0x0003c4    program     static C:\Users\souza\MPLABXProjects\Projeto.X\Main.asm
               MU_CARRY_2   0x0003c8    program     static C:\Users\souza\MPLABXProjects\Projeto.X\Main.asm
               MU_CARRY_3   0x0003cc    program     static C:\Users\souza\MPLABXProjects\Projeto.X\Main.asm
               MU_CARRY_4   0x0003d0    program     static C:\Users\souza\MPLABXProjects\Projeto.X\Main.asm
               MU_CARRY_5   0x0003d4    program     static C:\Users\souza\MPLABXProjects\Projeto.X\Main.asm
               MU_CARRY_6   0x0003d8    program     static C:\Users\souza\MPLABXProjects\Projeto.X\Main.asm
               MU_CARRY_7   0x0003dc    program     static C:\Users\souza\MPLABXProjects\Projeto.X\Main.asm
               MU_CARRY_8   0x0003e0    program     static C:\Users\souza\MPLABXProjects\Projeto.X\Main.asm
        FIM_TESTE_UNIDADE   0x0003e4    program     static C:\Users\souza\MPLABXProjects\Projeto.X\Main.asm
               CASE_U1XD2   0x0003e7    program     static C:\Users\souza\MPLABXProjects\Projeto.X\Main.asm
           LOOP_DEZENA_P1   0x0003e9    program     static C:\Users\souza\MPLABXProjects\Projeto.X\Main.asm
            MTESTA_DEZENA   0x0003ec    program     static C:\Users\souza\MPLABXProjects\Projeto.X\Main.asm
              MD1_TESTA11   0x0003f3    program     static C:\Users\souza\MPLABXProjects\Projeto.X\Main.asm
              MD1_TESTA12   0x0003fa    program     static C:\Users\souza\MPLABXProjects\Projeto.X\Main.asm
              MD1_TESTA13   0x000401    program     static C:\Users\souza\MPLABXProjects\Projeto.X\Main.asm
              MD1_TESTA14   0x000408    program     static C:\Users\souza\MPLABXProjects\Projeto.X\Main.asm
              MD1_TESTA15   0x00040f    program     static C:\Users\souza\MPLABXProjects\Projeto.X\Main.asm
              MD1_TESTA16   0x000416    program     static C:\Users\souza\MPLABXProjects\Projeto.X\Main.asm
              MD1_TESTA17   0x00041d    program     static C:\Users\souza\MPLABXProjects\Projeto.X\Main.asm
              MD1_TESTA18   0x000424    program     static C:\Users\souza\MPLABXProjects\Projeto.X\Main.asm
              MD1_TESTA19   0x00042b    program     static C:\Users\souza\MPLABXProjects\Projeto.X\Main.asm
              MD1_CARRY_0   0x000432    program     static C:\Users\souza\MPLABXProjects\Projeto.X\Main.asm
              MD1_CARRY_1   0x000436    program     static C:\Users\souza\MPLABXProjects\Projeto.X\Main.asm
              MD1_CARRY_2   0x00043a    program     static C:\Users\souza\MPLABXProjects\Projeto.X\Main.asm
              MD1_CARRY_3   0x00043e    program     static C:\Users\souza\MPLABXProjects\Projeto.X\Main.asm
              MD1_CARRY_4   0x000442    program     static C:\Users\souza\MPLABXProjects\Projeto.X\Main.asm
              MD1_CARRY_5   0x000446    program     static C:\Users\souza\MPLABXProjects\Projeto.X\Main.asm
              MD1_CARRY_6   0x00044a    program     static C:\Users\souza\MPLABXProjects\Projeto.X\Main.asm
              MD1_CARRY_7   0x00044e    program     static C:\Users\souza\MPLABXProjects\Projeto.X\Main.asm
              MD1_CARRY_8   0x000452    program     static C:\Users\souza\MPLABXProjects\Projeto.X\Main.asm
              MD1_CARRY_9   0x000456    program     static C:\Users\souza\MPLABXProjects\Projeto.X\Main.asm
         KTESTA_CENTENA_1   0x00045a    program     static C:\Users\souza\MPLABXProjects\Projeto.X\Main.asm
                K_TESTA11   0x000461    program     static C:\Users\souza\MPLABXProjects\Projeto.X\Main.asm
                K_TESTA12   0x000468    program     static C:\Users\souza\MPLABXProjects\Projeto.X\Main.asm
                K_TESTA13   0x00046f    program     static C:\Users\souza\MPLABXProjects\Projeto.X\Main.asm
                K_TESTA14   0x000476    program     static C:\Users\souza\MPLABXProjects\Projeto.X\Main.asm
                K_TESTA15   0x00047d    program     static C:\Users\souza\MPLABXProjects\Projeto.X\Main.asm
                K_TESTA16   0x000484    program     static C:\Users\souza\MPLABXProjects\Projeto.X\Main.asm
                K_TESTA17   0x00048b    program     static C:\Users\souza\MPLABXProjects\Projeto.X\Main.asm
                K_TESTA18   0x000492    program     static C:\Users\souza\MPLABXProjects\Projeto.X\Main.asm
                K_TESTA19   0x000499    program     static C:\Users\souza\MPLABXProjects\Projeto.X\Main.asm
                K_CARRY_0   0x0004a0    program     static C:\Users\souza\MPLABXProjects\Projeto.X\Main.asm
                K_CARRY_1   0x0004a4    program     static C:\Users\souza\MPLABXProjects\Projeto.X\Main.asm
                K_CARRY_2   0x0004a8    program     static C:\Users\souza\MPLABXProjects\Projeto.X\Main.asm
                K_CARRY_3   0x0004ac    program     static C:\Users\souza\MPLABXProjects\Projeto.X\Main.asm
                K_CARRY_4   0x0004b0    program     static C:\Users\souza\MPLABXProjects\Projeto.X\Main.asm
                K_CARRY_5   0x0004b4    program     static C:\Users\souza\MPLABXProjects\Projeto.X\Main.asm
                K_CARRY_6   0x0004b8    program     static C:\Users\souza\MPLABXProjects\Projeto.X\Main.asm
                K_CARRY_7   0x0004bc    program     static C:\Users\souza\MPLABXProjects\Projeto.X\Main.asm
                K_CARRY_8   0x0004c0    program     static C:\Users\souza\MPLABXProjects\Projeto.X\Main.asm
                K_CARRY_9   0x0004c4    program     static C:\Users\souza\MPLABXProjects\Projeto.X\Main.asm
       FIM_TESTE_DEZENA_1   0x0004c8    program     static C:\Users\souza\MPLABXProjects\Projeto.X\Main.asm
               CASE_D1XU2   0x0004cb    program     static C:\Users\souza\MPLABXProjects\Projeto.X\Main.asm
           LOOP_DEZENA_P2   0x0004cd    program     static C:\Users\souza\MPLABXProjects\Projeto.X\Main.asm
          MTESTA_DEZENA_2   0x0004d0    program     static C:\Users\souza\MPLABXProjects\Projeto.X\Main.asm
              MD2_TESTA11   0x0004d7    program     static C:\Users\souza\MPLABXProjects\Projeto.X\Main.asm
              MD2_TESTA12   0x0004de    program     static C:\Users\souza\MPLABXProjects\Projeto.X\Main.asm
              MD2_TESTA13   0x0004e5    program     static C:\Users\souza\MPLABXProjects\Projeto.X\Main.asm
              MD2_TESTA14   0x0004ec    program     static C:\Users\souza\MPLABXProjects\Projeto.X\Main.asm
              MD2_TESTA15   0x0004f3    program     static C:\Users\souza\MPLABXProjects\Projeto.X\Main.asm
              MD2_TESTA16   0x0004fa    program     static C:\Users\souza\MPLABXProjects\Projeto.X\Main.asm
              MD2_TESTA17   0x000501    program     static C:\Users\souza\MPLABXProjects\Projeto.X\Main.asm
              MD2_TESTA18   0x000508    program     static C:\Users\souza\MPLABXProjects\Projeto.X\Main.asm
              MD2_TESTA19   0x00050f    program     static C:\Users\souza\MPLABXProjects\Projeto.X\Main.asm
              MD2_CARRY_0   0x000516    program     static C:\Users\souza\MPLABXProjects\Projeto.X\Main.asm
              MD2_CARRY_1   0x00051a    program     static C:\Users\souza\MPLABXProjects\Projeto.X\Main.asm
              MD2_CARRY_2   0x00051e    program     static C:\Users\souza\MPLABXProjects\Projeto.X\Main.asm
              MD2_CARRY_3   0x000522    program     static C:\Users\souza\MPLABXProjects\Projeto.X\Main.asm
              MD2_CARRY_4   0x000526    program     static C:\Users\souza\MPLABXProjects\Projeto.X\Main.asm
              MD2_CARRY_5   0x00052a    program     static C:\Users\souza\MPLABXProjects\Projeto.X\Main.asm
              MD2_CARRY_6   0x00052e    program     static C:\Users\souza\MPLABXProjects\Projeto.X\Main.asm
              MD2_CARRY_7   0x000532    program     static C:\Users\souza\MPLABXProjects\Projeto.X\Main.asm
              MD2_CARRY_8   0x000536    program     static C:\Users\souza\MPLABXProjects\Projeto.X\Main.asm
              MD2_CARRY_9   0x00053a    program     static C:\Users\souza\MPLABXProjects\Projeto.X\Main.asm
         KTESTA_CENTENA_2   0x00053e    program     static C:\Users\souza\MPLABXProjects\Projeto.X\Main.asm
               K1_TESTA11   0x000545    program     static C:\Users\souza\MPLABXProjects\Projeto.X\Main.asm
               K1_TESTA12   0x00054c    program     static C:\Users\souza\MPLABXProjects\Projeto.X\Main.asm
               K1_TESTA13   0x000553    program     static C:\Users\souza\MPLABXProjects\Projeto.X\Main.asm
               K1_TESTA14   0x00055a    program     static C:\Users\souza\MPLABXProjects\Projeto.X\Main.asm
               K1_TESTA15   0x000561    program     static C:\Users\souza\MPLABXProjects\Projeto.X\Main.asm
               K1_TESTA16   0x000568    program     static C:\Users\souza\MPLABXProjects\Projeto.X\Main.asm
               K1_TESTA17   0x00056f    program     static C:\Users\souza\MPLABXProjects\Projeto.X\Main.asm
               K1_TESTA18   0x000576    program     static C:\Users\souza\MPLABXProjects\Projeto.X\Main.asm
               K1_TESTA19   0x00057d    program     static C:\Users\souza\MPLABXProjects\Projeto.X\Main.asm
               K1_CARRY_0   0x000584    program     static C:\Users\souza\MPLABXProjects\Projeto.X\Main.asm
               K1_CARRY_1   0x000588    program     static C:\Users\souza\MPLABXProjects\Projeto.X\Main.asm
               K1_CARRY_2   0x00058c    program     static C:\Users\souza\MPLABXProjects\Projeto.X\Main.asm
               K1_CARRY_3   0x000590    program     static C:\Users\souza\MPLABXProjects\Projeto.X\Main.asm
               K1_CARRY_4   0x000594    program     static C:\Users\souza\MPLABXProjects\Projeto.X\Main.asm
               K1_CARRY_5   0x000598    program     static C:\Users\souza\MPLABXProjects\Projeto.X\Main.asm
               K1_CARRY_6   0x00059c    program     static C:\Users\souza\MPLABXProjects\Projeto.X\Main.asm
               K1_CARRY_7   0x0005a0    program     static C:\Users\souza\MPLABXProjects\Projeto.X\Main.asm
               K1_CARRY_8   0x0005a4    program     static C:\Users\souza\MPLABXProjects\Projeto.X\Main.asm
               K1_CARRY_9   0x0005a8    program     static C:\Users\souza\MPLABXProjects\Projeto.X\Main.asm
       FIM_TESTE_DEZENA_2   0x0005ac    program     static C:\Users\souza\MPLABXProjects\Projeto.X\Main.asm
               CASE_D1XD2   0x0005af    program     static C:\Users\souza\MPLABXProjects\Projeto.X\Main.asm
             LOOP_CENTENA   0x0005b1    program     static C:\Users\souza\MPLABXProjects\Projeto.X\Main.asm
           MTESTA_CENTENA   0x0005b4    program     static C:\Users\souza\MPLABXProjects\Projeto.X\Main.asm
               MC_TESTA11   0x0005bb    program     static C:\Users\souza\MPLABXProjects\Projeto.X\Main.asm
               MC_TESTA12   0x0005c2    program     static C:\Users\souza\MPLABXProjects\Projeto.X\Main.asm
               MC_TESTA13   0x0005c9    program     static C:\Users\souza\MPLABXProjects\Projeto.X\Main.asm
               MC_TESTA14   0x0005d0    program     static C:\Users\souza\MPLABXProjects\Projeto.X\Main.asm
               MC_TESTA15   0x0005d7    program     static C:\Users\souza\MPLABXProjects\Projeto.X\Main.asm
               MC_TESTA16   0x0005de    program     static C:\Users\souza\MPLABXProjects\Projeto.X\Main.asm
               MC_TESTA17   0x0005e5    program     static C:\Users\souza\MPLABXProjects\Projeto.X\Main.asm
               MC_TESTA18   0x0005ec    program     static C:\Users\souza\MPLABXProjects\Projeto.X\Main.asm
               MC_TESTA19   0x0005f3    program     static C:\Users\souza\MPLABXProjects\Projeto.X\Main.asm
               MC_CARRY_0   0x0005fa    program     static C:\Users\souza\MPLABXProjects\Projeto.X\Main.asm
               MC_CARRY_1   0x0005fe    program     static C:\Users\souza\MPLABXProjects\Projeto.X\Main.asm
               MC_CARRY_2   0x000602    program     static C:\Users\souza\MPLABXProjects\Projeto.X\Main.asm
               MC_CARRY_3   0x000606    program     static C:\Users\souza\MPLABXProjects\Projeto.X\Main.asm
               MC_CARRY_4   0x00060a    program     static C:\Users\souza\MPLABXProjects\Projeto.X\Main.asm
               MC_CARRY_5   0x00060e    program     static C:\Users\souza\MPLABXProjects\Projeto.X\Main.asm
               MC_CARRY_6   0x000612    program     static C:\Users\souza\MPLABXProjects\Projeto.X\Main.asm
               MC_CARRY_7   0x000616    program     static C:\Users\souza\MPLABXProjects\Projeto.X\Main.asm
               MC_CARRY_8   0x00061a    program     static C:\Users\souza\MPLABXProjects\Projeto.X\Main.asm
               MC_CARRY_9   0x00061e    program     static C:\Users\souza\MPLABXProjects\Projeto.X\Main.asm
        FIM_TESTE_CENTENA   0x000622    program     static C:\Users\souza\MPLABXProjects\Projeto.X\Main.asm
                    START   0x000625    program     static C:\Users\souza\MPLABXProjects\Projeto.X\Main.asm
                RESULTADO   0x000638    program     static C:\Users\souza\MPLABXProjects\Projeto.X\Main.asm
                     LOOP   0x000639    program     static C:\Users\souza\MPLABXProjects\Projeto.X\Main.asm
            WAIT_OPERATOR   0x00063b    program     static C:\Users\souza\MPLABXProjects\Projeto.X\Main.asm
                     SOMA   0x000654    program     static C:\Users\souza\MPLABXProjects\Projeto.X\Main.asm
                SUBTRACAO   0x000656    program     static C:\Users\souza\MPLABXProjects\Projeto.X\Main.asm
            MULTIPLICACAO   0x000658    program     static C:\Users\souza\MPLABXProjects\Projeto.X\Main.asm
                DELAY_FT1   0x000020       data     static C:\Users\souza\MPLABXProjects\Projeto.X\Main.asm
                DELAY_FT2   0x000021       data     static C:\Users\souza\MPLABXProjects\Projeto.X\Main.asm
                DELAY_FT3   0x000022       data     static C:\Users\souza\MPLABXProjects\Projeto.X\Main.asm
                  RES_SUB   0x000023       data     static C:\Users\souza\MPLABXProjects\Projeto.X\Main.asm
                  RES_SOM   0x000024       data     static C:\Users\souza\MPLABXProjects\Projeto.X\Main.asm
               AUX_INPUTD   0x000025       data     static C:\Users\souza\MPLABXProjects\Projeto.X\Main.asm
               AUX_INPUTU   0x000026       data     static C:\Users\souza\MPLABXProjects\Projeto.X\Main.asm
                   MILHAR   0x000027       data     static C:\Users\souza\MPLABXProjects\Projeto.X\Main.asm
                  CENTENA   0x000028       data     static C:\Users\souza\MPLABXProjects\Projeto.X\Main.asm
                   DEZENA   0x000029       data     static C:\Users\souza\MPLABXProjects\Projeto.X\Main.asm
                  UNIDADE   0x00002a       data     static C:\Users\souza\MPLABXProjects\Projeto.X\Main.asm
                INPUT_VAL   0x00002b       data     static C:\Users\souza\MPLABXProjects\Projeto.X\Main.asm
                 INPUT_D1   0x00002c       data     static C:\Users\souza\MPLABXProjects\Projeto.X\Main.asm
                 INPUT_U1   0x00002d       data     static C:\Users\souza\MPLABXProjects\Projeto.X\Main.asm
                 INPUT_D2   0x00002e       data     static C:\Users\souza\MPLABXProjects\Projeto.X\Main.asm
                 INPUT_U2   0x00002f       data     static C:\Users\souza\MPLABXProjects\Projeto.X\Main.asm


