MPLINK 5.09, LINKER
Linker Map File - Created Sun Jun 07 18:12:53 2020

                                 Section Info
                  Section       Type    Address   Location Size(Bytes)
                ---------  ---------  ---------  ---------  ---------
                 RES_VECT       code   0x000000    program   0x000002
                   .cinit    romdata   0x000001    program   0x000004
                      ISR       code   0x000004    program   0x0009ae
                MAIN_PROG       code   0x0004db    program   0x00002c
.config_2007_BUILD/DEFAULT/PRODUCTION/MAIN.O       code   0x002007    program   0x000002
                  GPR_VAR      udata   0x000020       data   0x000010



                              Program Memory Usage 
                               Start         End      
                           ---------   ---------      
                            0x000000    0x000002      
                            0x000004    0x0004f0      
                            0x002007    0x002007      
            1265 out of 8454 program addresses used, program memory utilization is 14%



                              Symbols - Sorted by Name
                     Name    Address   Location    Storage File                     
                ---------  ---------  ---------  --------- ---------                
          ATIVA_DISPLAY_1   0x00001e    program     static C:\Users\souza\MPLABXProjects\Projeto.X\Main.asm
          ATIVA_DISPLAY_2   0x000021    program     static C:\Users\souza\MPLABXProjects\Projeto.X\Main.asm
          ATIVA_DISPLAY_3   0x000024    program     static C:\Users\souza\MPLABXProjects\Projeto.X\Main.asm
          ATIVA_DISPLAY_4   0x000027    program     static C:\Users\souza\MPLABXProjects\Projeto.X\Main.asm
                   CASE_0   0x0002ea    program     static C:\Users\souza\MPLABXProjects\Projeto.X\Main.asm
               CASE_D1XD2   0x000464    program     static C:\Users\souza\MPLABXProjects\Projeto.X\Main.asm
               CASE_D1XU2   0x0003ed    program     static C:\Users\souza\MPLABXProjects\Projeto.X\Main.asm
               CASE_U1XD2   0x000376    program     static C:\Users\souza\MPLABXProjects\Projeto.X\Main.asm
               CASE_U1XU2   0x00030a    program     static C:\Users\souza\MPLABXProjects\Projeto.X\Main.asm
           CONFIG_DISPLAY   0x000013    program     static C:\Users\souza\MPLABXProjects\Projeto.X\Main.asm
          CONFIG_KEYBOARD   0x0001b5    program     static C:\Users\souza\MPLABXProjects\Projeto.X\Main.asm
                DELAY_1MS   0x000005    program     static C:\Users\souza\MPLABXProjects\Projeto.X\Main.asm
                DELAY_255   0x00000a    program     static C:\Users\souza\MPLABXProjects\Projeto.X\Main.asm
               DELAY_LOOP   0x000007    program     static C:\Users\souza\MPLABXProjects\Projeto.X\Main.asm
                 DELAY_LP   0x00000e    program     static C:\Users\souza\MPLABXProjects\Projeto.X\Main.asm
                D_CARRY_0   0x0002b6    program     static C:\Users\souza\MPLABXProjects\Projeto.X\Main.asm
                D_CARRY_1   0x0002ba    program     static C:\Users\souza\MPLABXProjects\Projeto.X\Main.asm
                D_CARRY_2   0x0002be    program     static C:\Users\souza\MPLABXProjects\Projeto.X\Main.asm
                D_CARRY_3   0x0002c2    program     static C:\Users\souza\MPLABXProjects\Projeto.X\Main.asm
                D_CARRY_4   0x0002c6    program     static C:\Users\souza\MPLABXProjects\Projeto.X\Main.asm
                D_CARRY_5   0x0002ca    program     static C:\Users\souza\MPLABXProjects\Projeto.X\Main.asm
                D_CARRY_6   0x0002ce    program     static C:\Users\souza\MPLABXProjects\Projeto.X\Main.asm
                D_CARRY_7   0x0002d2    program     static C:\Users\souza\MPLABXProjects\Projeto.X\Main.asm
                D_CARRY_8   0x0002d6    program     static C:\Users\souza\MPLABXProjects\Projeto.X\Main.asm
                D_CARRY_9   0x0002da    program     static C:\Users\souza\MPLABXProjects\Projeto.X\Main.asm
                D_TESTA11   0x000277    program     static C:\Users\souza\MPLABXProjects\Projeto.X\Main.asm
                D_TESTA12   0x00027e    program     static C:\Users\souza\MPLABXProjects\Projeto.X\Main.asm
                D_TESTA13   0x000285    program     static C:\Users\souza\MPLABXProjects\Projeto.X\Main.asm
                D_TESTA14   0x00028c    program     static C:\Users\souza\MPLABXProjects\Projeto.X\Main.asm
                D_TESTA15   0x000293    program     static C:\Users\souza\MPLABXProjects\Projeto.X\Main.asm
                D_TESTA16   0x00029a    program     static C:\Users\souza\MPLABXProjects\Projeto.X\Main.asm
                D_TESTA17   0x0002a1    program     static C:\Users\souza\MPLABXProjects\Projeto.X\Main.asm
                D_TESTA18   0x0002a8    program     static C:\Users\souza\MPLABXProjects\Projeto.X\Main.asm
                D_TESTA19   0x0002af    program     static C:\Users\souza\MPLABXProjects\Projeto.X\Main.asm
          FALSE_CENTENA_0   0x0000e3    program     static C:\Users\souza\MPLABXProjects\Projeto.X\Main.asm
          FALSE_CENTENA_1   0x0000dc    program     static C:\Users\souza\MPLABXProjects\Projeto.X\Main.asm
          FALSE_CENTENA_2   0x0000d5    program     static C:\Users\souza\MPLABXProjects\Projeto.X\Main.asm
          FALSE_CENTENA_3   0x0000ce    program     static C:\Users\souza\MPLABXProjects\Projeto.X\Main.asm
          FALSE_CENTENA_4   0x0000c7    program     static C:\Users\souza\MPLABXProjects\Projeto.X\Main.asm
          FALSE_CENTENA_5   0x0000c0    program     static C:\Users\souza\MPLABXProjects\Projeto.X\Main.asm
          FALSE_CENTENA_6   0x0000b9    program     static C:\Users\souza\MPLABXProjects\Projeto.X\Main.asm
          FALSE_CENTENA_7   0x0000b2    program     static C:\Users\souza\MPLABXProjects\Projeto.X\Main.asm
          FALSE_CENTENA_8   0x0000ab    program     static C:\Users\souza\MPLABXProjects\Projeto.X\Main.asm
           FALSE_DEZENA_0   0x00013e    program     static C:\Users\souza\MPLABXProjects\Projeto.X\Main.asm
           FALSE_DEZENA_1   0x000137    program     static C:\Users\souza\MPLABXProjects\Projeto.X\Main.asm
           FALSE_DEZENA_2   0x000130    program     static C:\Users\souza\MPLABXProjects\Projeto.X\Main.asm
           FALSE_DEZENA_3   0x000129    program     static C:\Users\souza\MPLABXProjects\Projeto.X\Main.asm
           FALSE_DEZENA_4   0x000122    program     static C:\Users\souza\MPLABXProjects\Projeto.X\Main.asm
           FALSE_DEZENA_5   0x00011b    program     static C:\Users\souza\MPLABXProjects\Projeto.X\Main.asm
           FALSE_DEZENA_6   0x000114    program     static C:\Users\souza\MPLABXProjects\Projeto.X\Main.asm
           FALSE_DEZENA_7   0x00010d    program     static C:\Users\souza\MPLABXProjects\Projeto.X\Main.asm
           FALSE_DEZENA_8   0x000106    program     static C:\Users\souza\MPLABXProjects\Projeto.X\Main.asm
           FALSE_MILHAR_0   0x000088    program     static C:\Users\souza\MPLABXProjects\Projeto.X\Main.asm
           FALSE_MILHAR_1   0x000081    program     static C:\Users\souza\MPLABXProjects\Projeto.X\Main.asm
           FALSE_MILHAR_2   0x00007a    program     static C:\Users\souza\MPLABXProjects\Projeto.X\Main.asm
           FALSE_MILHAR_3   0x000073    program     static C:\Users\souza\MPLABXProjects\Projeto.X\Main.asm
           FALSE_MILHAR_4   0x00006c    program     static C:\Users\souza\MPLABXProjects\Projeto.X\Main.asm
           FALSE_MILHAR_5   0x000065    program     static C:\Users\souza\MPLABXProjects\Projeto.X\Main.asm
           FALSE_MILHAR_6   0x00005e    program     static C:\Users\souza\MPLABXProjects\Projeto.X\Main.asm
           FALSE_MILHAR_7   0x000057    program     static C:\Users\souza\MPLABXProjects\Projeto.X\Main.asm
           FALSE_MILHAR_8   0x000050    program     static C:\Users\souza\MPLABXProjects\Projeto.X\Main.asm
          FALSE_UNIDADE_0   0x000199    program     static C:\Users\souza\MPLABXProjects\Projeto.X\Main.asm
          FALSE_UNIDADE_1   0x000192    program     static C:\Users\souza\MPLABXProjects\Projeto.X\Main.asm
          FALSE_UNIDADE_2   0x00018b    program     static C:\Users\souza\MPLABXProjects\Projeto.X\Main.asm
          FALSE_UNIDADE_3   0x000184    program     static C:\Users\souza\MPLABXProjects\Projeto.X\Main.asm
          FALSE_UNIDADE_4   0x00017d    program     static C:\Users\souza\MPLABXProjects\Projeto.X\Main.asm
          FALSE_UNIDADE_5   0x000176    program     static C:\Users\souza\MPLABXProjects\Projeto.X\Main.asm
          FALSE_UNIDADE_6   0x00016f    program     static C:\Users\souza\MPLABXProjects\Projeto.X\Main.asm
          FALSE_UNIDADE_7   0x000168    program     static C:\Users\souza\MPLABXProjects\Projeto.X\Main.asm
          FALSE_UNIDADE_8   0x000161    program     static C:\Users\souza\MPLABXProjects\Projeto.X\Main.asm
        FIM_TESTE_CENTENA   0x0004d7    program     static C:\Users\souza\MPLABXProjects\Projeto.X\Main.asm
       FIM_TESTE_DEZENA_1   0x0003e9    program     static C:\Users\souza\MPLABXProjects\Projeto.X\Main.asm
       FIM_TESTE_DEZENA_2   0x000460    program     static C:\Users\souza\MPLABXProjects\Projeto.X\Main.asm
        FIM_TESTE_UNIDADE   0x000372    program     static C:\Users\souza\MPLABXProjects\Projeto.X\Main.asm
                    FINAL   0x0001b4    program     static C:\Users\souza\MPLABXProjects\Projeto.X\Main.asm
               INPUT_EXIT   0x000203    program     static C:\Users\souza\MPLABXProjects\Projeto.X\Main.asm
               INPUT_LOOP   0x0001bf    program     static C:\Users\souza\MPLABXProjects\Projeto.X\Main.asm
                     LOOP   0x0004ef    program     static C:\Users\souza\MPLABXProjects\Projeto.X\Main.asm
             LOOP_CENTENA   0x000466    program     static C:\Users\souza\MPLABXProjects\Projeto.X\Main.asm
           LOOP_DEZENA_P1   0x0003ef    program     static C:\Users\souza\MPLABXProjects\Projeto.X\Main.asm
           LOOP_DEZENA_P2   0x000378    program     static C:\Users\souza\MPLABXProjects\Projeto.X\Main.asm
             LOOP_UNIDADE   0x00030c    program     static C:\Users\souza\MPLABXProjects\Projeto.X\Main.asm
               MC_CARRY_0   0x0004af    program     static C:\Users\souza\MPLABXProjects\Projeto.X\Main.asm
               MC_CARRY_1   0x0004b3    program     static C:\Users\souza\MPLABXProjects\Projeto.X\Main.asm
               MC_CARRY_2   0x0004b7    program     static C:\Users\souza\MPLABXProjects\Projeto.X\Main.asm
               MC_CARRY_3   0x0004bb    program     static C:\Users\souza\MPLABXProjects\Projeto.X\Main.asm
               MC_CARRY_4   0x0004bf    program     static C:\Users\souza\MPLABXProjects\Projeto.X\Main.asm
               MC_CARRY_5   0x0004c3    program     static C:\Users\souza\MPLABXProjects\Projeto.X\Main.asm
               MC_CARRY_6   0x0004c7    program     static C:\Users\souza\MPLABXProjects\Projeto.X\Main.asm
               MC_CARRY_7   0x0004cb    program     static C:\Users\souza\MPLABXProjects\Projeto.X\Main.asm
               MC_CARRY_8   0x0004cf    program     static C:\Users\souza\MPLABXProjects\Projeto.X\Main.asm
               MC_CARRY_9   0x0004d3    program     static C:\Users\souza\MPLABXProjects\Projeto.X\Main.asm
               MC_TESTA11   0x000470    program     static C:\Users\souza\MPLABXProjects\Projeto.X\Main.asm
               MC_TESTA12   0x000477    program     static C:\Users\souza\MPLABXProjects\Projeto.X\Main.asm
               MC_TESTA13   0x00047e    program     static C:\Users\souza\MPLABXProjects\Projeto.X\Main.asm
               MC_TESTA14   0x000485    program     static C:\Users\souza\MPLABXProjects\Projeto.X\Main.asm
               MC_TESTA15   0x00048c    program     static C:\Users\souza\MPLABXProjects\Projeto.X\Main.asm
               MC_TESTA16   0x000493    program     static C:\Users\souza\MPLABXProjects\Projeto.X\Main.asm
               MC_TESTA17   0x00049a    program     static C:\Users\souza\MPLABXProjects\Projeto.X\Main.asm
               MC_TESTA18   0x0004a1    program     static C:\Users\souza\MPLABXProjects\Projeto.X\Main.asm
               MC_TESTA19   0x0004a8    program     static C:\Users\souza\MPLABXProjects\Projeto.X\Main.asm
              MD1_CARRY_0   0x0003c1    program     static C:\Users\souza\MPLABXProjects\Projeto.X\Main.asm
              MD1_CARRY_1   0x0003c5    program     static C:\Users\souza\MPLABXProjects\Projeto.X\Main.asm
              MD1_CARRY_2   0x0003c9    program     static C:\Users\souza\MPLABXProjects\Projeto.X\Main.asm
              MD1_CARRY_3   0x0003cd    program     static C:\Users\souza\MPLABXProjects\Projeto.X\Main.asm
              MD1_CARRY_4   0x0003d1    program     static C:\Users\souza\MPLABXProjects\Projeto.X\Main.asm
              MD1_CARRY_5   0x0003d5    program     static C:\Users\souza\MPLABXProjects\Projeto.X\Main.asm
              MD1_CARRY_6   0x0003d9    program     static C:\Users\souza\MPLABXProjects\Projeto.X\Main.asm
              MD1_CARRY_7   0x0003dd    program     static C:\Users\souza\MPLABXProjects\Projeto.X\Main.asm
              MD1_CARRY_8   0x0003e1    program     static C:\Users\souza\MPLABXProjects\Projeto.X\Main.asm
              MD1_CARRY_9   0x0003e5    program     static C:\Users\souza\MPLABXProjects\Projeto.X\Main.asm
              MD1_TESTA11   0x000382    program     static C:\Users\souza\MPLABXProjects\Projeto.X\Main.asm
              MD1_TESTA12   0x000389    program     static C:\Users\souza\MPLABXProjects\Projeto.X\Main.asm
              MD1_TESTA13   0x000390    program     static C:\Users\souza\MPLABXProjects\Projeto.X\Main.asm
              MD1_TESTA14   0x000397    program     static C:\Users\souza\MPLABXProjects\Projeto.X\Main.asm
              MD1_TESTA15   0x00039e    program     static C:\Users\souza\MPLABXProjects\Projeto.X\Main.asm
              MD1_TESTA16   0x0003a5    program     static C:\Users\souza\MPLABXProjects\Projeto.X\Main.asm
              MD1_TESTA17   0x0003ac    program     static C:\Users\souza\MPLABXProjects\Projeto.X\Main.asm
              MD1_TESTA18   0x0003b3    program     static C:\Users\souza\MPLABXProjects\Projeto.X\Main.asm
              MD1_TESTA19   0x0003ba    program     static C:\Users\souza\MPLABXProjects\Projeto.X\Main.asm
              MD2_CARRY_0   0x000438    program     static C:\Users\souza\MPLABXProjects\Projeto.X\Main.asm
              MD2_CARRY_1   0x00043c    program     static C:\Users\souza\MPLABXProjects\Projeto.X\Main.asm
              MD2_CARRY_2   0x000440    program     static C:\Users\souza\MPLABXProjects\Projeto.X\Main.asm
              MD2_CARRY_3   0x000444    program     static C:\Users\souza\MPLABXProjects\Projeto.X\Main.asm
              MD2_CARRY_4   0x000448    program     static C:\Users\souza\MPLABXProjects\Projeto.X\Main.asm
              MD2_CARRY_5   0x00044c    program     static C:\Users\souza\MPLABXProjects\Projeto.X\Main.asm
              MD2_CARRY_6   0x000450    program     static C:\Users\souza\MPLABXProjects\Projeto.X\Main.asm
              MD2_CARRY_7   0x000454    program     static C:\Users\souza\MPLABXProjects\Projeto.X\Main.asm
              MD2_CARRY_8   0x000458    program     static C:\Users\souza\MPLABXProjects\Projeto.X\Main.asm
              MD2_CARRY_9   0x00045c    program     static C:\Users\souza\MPLABXProjects\Projeto.X\Main.asm
              MD2_TESTA11   0x0003f9    program     static C:\Users\souza\MPLABXProjects\Projeto.X\Main.asm
              MD2_TESTA12   0x000400    program     static C:\Users\souza\MPLABXProjects\Projeto.X\Main.asm
              MD2_TESTA13   0x000407    program     static C:\Users\souza\MPLABXProjects\Projeto.X\Main.asm
              MD2_TESTA14   0x00040e    program     static C:\Users\souza\MPLABXProjects\Projeto.X\Main.asm
              MD2_TESTA15   0x000415    program     static C:\Users\souza\MPLABXProjects\Projeto.X\Main.asm
              MD2_TESTA16   0x00041c    program     static C:\Users\souza\MPLABXProjects\Projeto.X\Main.asm
              MD2_TESTA17   0x000423    program     static C:\Users\souza\MPLABXProjects\Projeto.X\Main.asm
              MD2_TESTA18   0x00042a    program     static C:\Users\souza\MPLABXProjects\Projeto.X\Main.asm
              MD2_TESTA19   0x000431    program     static C:\Users\souza\MPLABXProjects\Projeto.X\Main.asm
                     MOV0   0x0001e5    program     static C:\Users\souza\MPLABXProjects\Projeto.X\Main.asm
                     MOV1   0x0001e8    program     static C:\Users\souza\MPLABXProjects\Projeto.X\Main.asm
                     MOV2   0x0001eb    program     static C:\Users\souza\MPLABXProjects\Projeto.X\Main.asm
                     MOV3   0x0001ee    program     static C:\Users\souza\MPLABXProjects\Projeto.X\Main.asm
                     MOV4   0x0001f1    program     static C:\Users\souza\MPLABXProjects\Projeto.X\Main.asm
                     MOV5   0x0001f4    program     static C:\Users\souza\MPLABXProjects\Projeto.X\Main.asm
                     MOV6   0x0001f7    program     static C:\Users\souza\MPLABXProjects\Projeto.X\Main.asm
                     MOV7   0x0001fa    program     static C:\Users\souza\MPLABXProjects\Projeto.X\Main.asm
                     MOV8   0x0001fd    program     static C:\Users\souza\MPLABXProjects\Projeto.X\Main.asm
                     MOV9   0x000200    program     static C:\Users\souza\MPLABXProjects\Projeto.X\Main.asm
           MTESTA_CENTENA   0x000469    program     static C:\Users\souza\MPLABXProjects\Projeto.X\Main.asm
            MTESTA_DEZENA   0x00037b    program     static C:\Users\souza\MPLABXProjects\Projeto.X\Main.asm
          MTESTA_DEZENA_2   0x0003f2    program     static C:\Users\souza\MPLABXProjects\Projeto.X\Main.asm
           MTESTA_UNIDADE   0x00030f    program     static C:\Users\souza\MPLABXProjects\Projeto.X\Main.asm
               MU_CARRY_0   0x00034e    program     static C:\Users\souza\MPLABXProjects\Projeto.X\Main.asm
               MU_CARRY_1   0x000352    program     static C:\Users\souza\MPLABXProjects\Projeto.X\Main.asm
               MU_CARRY_2   0x000356    program     static C:\Users\souza\MPLABXProjects\Projeto.X\Main.asm
               MU_CARRY_3   0x00035a    program     static C:\Users\souza\MPLABXProjects\Projeto.X\Main.asm
               MU_CARRY_4   0x00035e    program     static C:\Users\souza\MPLABXProjects\Projeto.X\Main.asm
               MU_CARRY_5   0x000362    program     static C:\Users\souza\MPLABXProjects\Projeto.X\Main.asm
               MU_CARRY_6   0x000366    program     static C:\Users\souza\MPLABXProjects\Projeto.X\Main.asm
               MU_CARRY_7   0x00036a    program     static C:\Users\souza\MPLABXProjects\Projeto.X\Main.asm
               MU_CARRY_8   0x00036e    program     static C:\Users\souza\MPLABXProjects\Projeto.X\Main.asm
               MU_TESTA11   0x000316    program     static C:\Users\souza\MPLABXProjects\Projeto.X\Main.asm
               MU_TESTA12   0x00031d    program     static C:\Users\souza\MPLABXProjects\Projeto.X\Main.asm
               MU_TESTA13   0x000324    program     static C:\Users\souza\MPLABXProjects\Projeto.X\Main.asm
               MU_TESTA14   0x00032b    program     static C:\Users\souza\MPLABXProjects\Projeto.X\Main.asm
               MU_TESTA15   0x000332    program     static C:\Users\souza\MPLABXProjects\Projeto.X\Main.asm
               MU_TESTA16   0x000339    program     static C:\Users\souza\MPLABXProjects\Projeto.X\Main.asm
               MU_TESTA17   0x000340    program     static C:\Users\souza\MPLABXProjects\Projeto.X\Main.asm
               MU_TESTA18   0x000347    program     static C:\Users\souza\MPLABXProjects\Projeto.X\Main.asm
           OPERATOR_MULTI   0x0002fa    program     static C:\Users\souza\MPLABXProjects\Projeto.X\Main.asm
            OPERATOR_SOMA   0x000206    program     static C:\Users\souza\MPLABXProjects\Projeto.X\Main.asm
             OPERATOR_SUB   0x0002df    program     static C:\Users\souza\MPLABXProjects\Projeto.X\Main.asm
                  PRINT_0   0x00002a    program     static C:\Users\souza\MPLABXProjects\Projeto.X\Main.asm
                  PRINT_1   0x00002d    program     static C:\Users\souza\MPLABXProjects\Projeto.X\Main.asm
                  PRINT_2   0x000030    program     static C:\Users\souza\MPLABXProjects\Projeto.X\Main.asm
                  PRINT_3   0x000033    program     static C:\Users\souza\MPLABXProjects\Projeto.X\Main.asm
                  PRINT_4   0x000036    program     static C:\Users\souza\MPLABXProjects\Projeto.X\Main.asm
                  PRINT_5   0x000039    program     static C:\Users\souza\MPLABXProjects\Projeto.X\Main.asm
                  PRINT_6   0x00003c    program     static C:\Users\souza\MPLABXProjects\Projeto.X\Main.asm
                  PRINT_7   0x00003f    program     static C:\Users\souza\MPLABXProjects\Projeto.X\Main.asm
                  PRINT_8   0x000042    program     static C:\Users\souza\MPLABXProjects\Projeto.X\Main.asm
                  PRINT_9   0x000045    program     static C:\Users\souza\MPLABXProjects\Projeto.X\Main.asm
                  REAJUST   0x0002ef    program     static C:\Users\souza\MPLABXProjects\Projeto.X\Main.asm
                    SAIDA   0x0002de    program     static C:\Users\souza\MPLABXProjects\Projeto.X\Main.asm
             SHOW_CENTENA   0x0000a3    program     static C:\Users\souza\MPLABXProjects\Projeto.X\Main.asm
              SHOW_DEZENA   0x0000fe    program     static C:\Users\souza\MPLABXProjects\Projeto.X\Main.asm
             SHOW_NUMBERS   0x000048    program     static C:\Users\souza\MPLABXProjects\Projeto.X\Main.asm
             SHOW_UNIDADE   0x000159    program     static C:\Users\souza\MPLABXProjects\Projeto.X\Main.asm
                    START   0x0004db    program     static C:\Users\souza\MPLABXProjects\Projeto.X\Main.asm
             TESTA_DEZENA   0x00026c    program     static C:\Users\souza\MPLABXProjects\Projeto.X\Main.asm
            TESTA_UNIDADE   0x000209    program     static C:\Users\souza\MPLABXProjects\Projeto.X\Main.asm
           TRUE_CENTENA_0   0x0000fc    program     static C:\Users\souza\MPLABXProjects\Projeto.X\Main.asm
           TRUE_CENTENA_1   0x0000fa    program     static C:\Users\souza\MPLABXProjects\Projeto.X\Main.asm
           TRUE_CENTENA_2   0x0000f8    program     static C:\Users\souza\MPLABXProjects\Projeto.X\Main.asm
           TRUE_CENTENA_3   0x0000f6    program     static C:\Users\souza\MPLABXProjects\Projeto.X\Main.asm
           TRUE_CENTENA_4   0x0000f4    program     static C:\Users\souza\MPLABXProjects\Projeto.X\Main.asm
           TRUE_CENTENA_5   0x0000f2    program     static C:\Users\souza\MPLABXProjects\Projeto.X\Main.asm
           TRUE_CENTENA_6   0x0000f0    program     static C:\Users\souza\MPLABXProjects\Projeto.X\Main.asm
           TRUE_CENTENA_7   0x0000ee    program     static C:\Users\souza\MPLABXProjects\Projeto.X\Main.asm
           TRUE_CENTENA_8   0x0000ec    program     static C:\Users\souza\MPLABXProjects\Projeto.X\Main.asm
           TRUE_CENTENA_9   0x0000ea    program     static C:\Users\souza\MPLABXProjects\Projeto.X\Main.asm
            TRUE_DEZENA_0   0x000157    program     static C:\Users\souza\MPLABXProjects\Projeto.X\Main.asm
            TRUE_DEZENA_1   0x000155    program     static C:\Users\souza\MPLABXProjects\Projeto.X\Main.asm
            TRUE_DEZENA_2   0x000153    program     static C:\Users\souza\MPLABXProjects\Projeto.X\Main.asm
            TRUE_DEZENA_3   0x000151    program     static C:\Users\souza\MPLABXProjects\Projeto.X\Main.asm
            TRUE_DEZENA_4   0x00014f    program     static C:\Users\souza\MPLABXProjects\Projeto.X\Main.asm
            TRUE_DEZENA_5   0x00014d    program     static C:\Users\souza\MPLABXProjects\Projeto.X\Main.asm
            TRUE_DEZENA_6   0x00014b    program     static C:\Users\souza\MPLABXProjects\Projeto.X\Main.asm
            TRUE_DEZENA_7   0x000149    program     static C:\Users\souza\MPLABXProjects\Projeto.X\Main.asm
            TRUE_DEZENA_8   0x000147    program     static C:\Users\souza\MPLABXProjects\Projeto.X\Main.asm
            TRUE_DEZENA_9   0x000145    program     static C:\Users\souza\MPLABXProjects\Projeto.X\Main.asm
            TRUE_MILHAR_0   0x0000a1    program     static C:\Users\souza\MPLABXProjects\Projeto.X\Main.asm
            TRUE_MILHAR_1   0x00009f    program     static C:\Users\souza\MPLABXProjects\Projeto.X\Main.asm
            TRUE_MILHAR_2   0x00009d    program     static C:\Users\souza\MPLABXProjects\Projeto.X\Main.asm
            TRUE_MILHAR_3   0x00009b    program     static C:\Users\souza\MPLABXProjects\Projeto.X\Main.asm
            TRUE_MILHAR_4   0x000099    program     static C:\Users\souza\MPLABXProjects\Projeto.X\Main.asm
            TRUE_MILHAR_5   0x000097    program     static C:\Users\souza\MPLABXProjects\Projeto.X\Main.asm
            TRUE_MILHAR_6   0x000095    program     static C:\Users\souza\MPLABXProjects\Projeto.X\Main.asm
            TRUE_MILHAR_7   0x000093    program     static C:\Users\souza\MPLABXProjects\Projeto.X\Main.asm
            TRUE_MILHAR_8   0x000091    program     static C:\Users\souza\MPLABXProjects\Projeto.X\Main.asm
            TRUE_MILHAR_9   0x00008f    program     static C:\Users\souza\MPLABXProjects\Projeto.X\Main.asm
           TRUE_UNIDADE_0   0x0001b2    program     static C:\Users\souza\MPLABXProjects\Projeto.X\Main.asm
           TRUE_UNIDADE_1   0x0001b0    program     static C:\Users\souza\MPLABXProjects\Projeto.X\Main.asm
           TRUE_UNIDADE_2   0x0001ae    program     static C:\Users\souza\MPLABXProjects\Projeto.X\Main.asm
           TRUE_UNIDADE_3   0x0001ac    program     static C:\Users\souza\MPLABXProjects\Projeto.X\Main.asm
           TRUE_UNIDADE_4   0x0001aa    program     static C:\Users\souza\MPLABXProjects\Projeto.X\Main.asm
           TRUE_UNIDADE_5   0x0001a8    program     static C:\Users\souza\MPLABXProjects\Projeto.X\Main.asm
           TRUE_UNIDADE_6   0x0001a6    program     static C:\Users\souza\MPLABXProjects\Projeto.X\Main.asm
           TRUE_UNIDADE_7   0x0001a4    program     static C:\Users\souza\MPLABXProjects\Projeto.X\Main.asm
           TRUE_UNIDADE_8   0x0001a2    program     static C:\Users\souza\MPLABXProjects\Projeto.X\Main.asm
           TRUE_UNIDADE_9   0x0001a0    program     static C:\Users\souza\MPLABXProjects\Projeto.X\Main.asm
                U_CARRY_0   0x000248    program     static C:\Users\souza\MPLABXProjects\Projeto.X\Main.asm
                U_CARRY_1   0x00024c    program     static C:\Users\souza\MPLABXProjects\Projeto.X\Main.asm
                U_CARRY_2   0x000250    program     static C:\Users\souza\MPLABXProjects\Projeto.X\Main.asm
                U_CARRY_3   0x000254    program     static C:\Users\souza\MPLABXProjects\Projeto.X\Main.asm
                U_CARRY_4   0x000258    program     static C:\Users\souza\MPLABXProjects\Projeto.X\Main.asm
                U_CARRY_5   0x00025c    program     static C:\Users\souza\MPLABXProjects\Projeto.X\Main.asm
                U_CARRY_6   0x000260    program     static C:\Users\souza\MPLABXProjects\Projeto.X\Main.asm
                U_CARRY_7   0x000264    program     static C:\Users\souza\MPLABXProjects\Projeto.X\Main.asm
                U_CARRY_8   0x000268    program     static C:\Users\souza\MPLABXProjects\Projeto.X\Main.asm
                U_TESTA11   0x000210    program     static C:\Users\souza\MPLABXProjects\Projeto.X\Main.asm
                U_TESTA12   0x000217    program     static C:\Users\souza\MPLABXProjects\Projeto.X\Main.asm
                U_TESTA13   0x00021e    program     static C:\Users\souza\MPLABXProjects\Projeto.X\Main.asm
                U_TESTA14   0x000225    program     static C:\Users\souza\MPLABXProjects\Projeto.X\Main.asm
                U_TESTA15   0x00022c    program     static C:\Users\souza\MPLABXProjects\Projeto.X\Main.asm
                U_TESTA16   0x000233    program     static C:\Users\souza\MPLABXProjects\Projeto.X\Main.asm
                U_TESTA17   0x00023a    program     static C:\Users\souza\MPLABXProjects\Projeto.X\Main.asm
                U_TESTA18   0x000241    program     static C:\Users\souza\MPLABXProjects\Projeto.X\Main.asm
               AUX_INPUTD   0x000025       data     static C:\Users\souza\MPLABXProjects\Projeto.X\Main.asm
               AUX_INPUTU   0x000026       data     static C:\Users\souza\MPLABXProjects\Projeto.X\Main.asm
                  CENTENA   0x000028       data     static C:\Users\souza\MPLABXProjects\Projeto.X\Main.asm
                DELAY_FT1   0x000020       data     static C:\Users\souza\MPLABXProjects\Projeto.X\Main.asm
                DELAY_FT2   0x000021       data     static C:\Users\souza\MPLABXProjects\Projeto.X\Main.asm
                DELAY_FT3   0x000022       data     static C:\Users\souza\MPLABXProjects\Projeto.X\Main.asm
                   DEZENA   0x000029       data     static C:\Users\souza\MPLABXProjects\Projeto.X\Main.asm
                 INPUT_D1   0x00002c       data     static C:\Users\souza\MPLABXProjects\Projeto.X\Main.asm
                 INPUT_D2   0x00002e       data     static C:\Users\souza\MPLABXProjects\Projeto.X\Main.asm
                 INPUT_U1   0x00002d       data     static C:\Users\souza\MPLABXProjects\Projeto.X\Main.asm
                 INPUT_U2   0x00002f       data     static C:\Users\souza\MPLABXProjects\Projeto.X\Main.asm
                INPUT_VAL   0x00002b       data     static C:\Users\souza\MPLABXProjects\Projeto.X\Main.asm
                   MILHAR   0x000027       data     static C:\Users\souza\MPLABXProjects\Projeto.X\Main.asm
                  RES_SOM   0x000024       data     static C:\Users\souza\MPLABXProjects\Projeto.X\Main.asm
                  RES_SUB   0x000023       data     static C:\Users\souza\MPLABXProjects\Projeto.X\Main.asm
                  UNIDADE   0x00002a       data     static C:\Users\souza\MPLABXProjects\Projeto.X\Main.asm



                              Symbols - Sorted by Address
                     Name    Address   Location    Storage File                     
                ---------  ---------  ---------  --------- ---------                
                DELAY_1MS   0x000005    program     static C:\Users\souza\MPLABXProjects\Projeto.X\Main.asm
               DELAY_LOOP   0x000007    program     static C:\Users\souza\MPLABXProjects\Projeto.X\Main.asm
                DELAY_255   0x00000a    program     static C:\Users\souza\MPLABXProjects\Projeto.X\Main.asm
                 DELAY_LP   0x00000e    program     static C:\Users\souza\MPLABXProjects\Projeto.X\Main.asm
           CONFIG_DISPLAY   0x000013    program     static C:\Users\souza\MPLABXProjects\Projeto.X\Main.asm
          ATIVA_DISPLAY_1   0x00001e    program     static C:\Users\souza\MPLABXProjects\Projeto.X\Main.asm
          ATIVA_DISPLAY_2   0x000021    program     static C:\Users\souza\MPLABXProjects\Projeto.X\Main.asm
          ATIVA_DISPLAY_3   0x000024    program     static C:\Users\souza\MPLABXProjects\Projeto.X\Main.asm
          ATIVA_DISPLAY_4   0x000027    program     static C:\Users\souza\MPLABXProjects\Projeto.X\Main.asm
                  PRINT_0   0x00002a    program     static C:\Users\souza\MPLABXProjects\Projeto.X\Main.asm
                  PRINT_1   0x00002d    program     static C:\Users\souza\MPLABXProjects\Projeto.X\Main.asm
                  PRINT_2   0x000030    program     static C:\Users\souza\MPLABXProjects\Projeto.X\Main.asm
                  PRINT_3   0x000033    program     static C:\Users\souza\MPLABXProjects\Projeto.X\Main.asm
                  PRINT_4   0x000036    program     static C:\Users\souza\MPLABXProjects\Projeto.X\Main.asm
                  PRINT_5   0x000039    program     static C:\Users\souza\MPLABXProjects\Projeto.X\Main.asm
                  PRINT_6   0x00003c    program     static C:\Users\souza\MPLABXProjects\Projeto.X\Main.asm
                  PRINT_7   0x00003f    program     static C:\Users\souza\MPLABXProjects\Projeto.X\Main.asm
                  PRINT_8   0x000042    program     static C:\Users\souza\MPLABXProjects\Projeto.X\Main.asm
                  PRINT_9   0x000045    program     static C:\Users\souza\MPLABXProjects\Projeto.X\Main.asm
             SHOW_NUMBERS   0x000048    program     static C:\Users\souza\MPLABXProjects\Projeto.X\Main.asm
           FALSE_MILHAR_8   0x000050    program     static C:\Users\souza\MPLABXProjects\Projeto.X\Main.asm
           FALSE_MILHAR_7   0x000057    program     static C:\Users\souza\MPLABXProjects\Projeto.X\Main.asm
           FALSE_MILHAR_6   0x00005e    program     static C:\Users\souza\MPLABXProjects\Projeto.X\Main.asm
           FALSE_MILHAR_5   0x000065    program     static C:\Users\souza\MPLABXProjects\Projeto.X\Main.asm
           FALSE_MILHAR_4   0x00006c    program     static C:\Users\souza\MPLABXProjects\Projeto.X\Main.asm
           FALSE_MILHAR_3   0x000073    program     static C:\Users\souza\MPLABXProjects\Projeto.X\Main.asm
           FALSE_MILHAR_2   0x00007a    program     static C:\Users\souza\MPLABXProjects\Projeto.X\Main.asm
           FALSE_MILHAR_1   0x000081    program     static C:\Users\souza\MPLABXProjects\Projeto.X\Main.asm
           FALSE_MILHAR_0   0x000088    program     static C:\Users\souza\MPLABXProjects\Projeto.X\Main.asm
            TRUE_MILHAR_9   0x00008f    program     static C:\Users\souza\MPLABXProjects\Projeto.X\Main.asm
            TRUE_MILHAR_8   0x000091    program     static C:\Users\souza\MPLABXProjects\Projeto.X\Main.asm
            TRUE_MILHAR_7   0x000093    program     static C:\Users\souza\MPLABXProjects\Projeto.X\Main.asm
            TRUE_MILHAR_6   0x000095    program     static C:\Users\souza\MPLABXProjects\Projeto.X\Main.asm
            TRUE_MILHAR_5   0x000097    program     static C:\Users\souza\MPLABXProjects\Projeto.X\Main.asm
            TRUE_MILHAR_4   0x000099    program     static C:\Users\souza\MPLABXProjects\Projeto.X\Main.asm
            TRUE_MILHAR_3   0x00009b    program     static C:\Users\souza\MPLABXProjects\Projeto.X\Main.asm
            TRUE_MILHAR_2   0x00009d    program     static C:\Users\souza\MPLABXProjects\Projeto.X\Main.asm
            TRUE_MILHAR_1   0x00009f    program     static C:\Users\souza\MPLABXProjects\Projeto.X\Main.asm
            TRUE_MILHAR_0   0x0000a1    program     static C:\Users\souza\MPLABXProjects\Projeto.X\Main.asm
             SHOW_CENTENA   0x0000a3    program     static C:\Users\souza\MPLABXProjects\Projeto.X\Main.asm
          FALSE_CENTENA_8   0x0000ab    program     static C:\Users\souza\MPLABXProjects\Projeto.X\Main.asm
          FALSE_CENTENA_7   0x0000b2    program     static C:\Users\souza\MPLABXProjects\Projeto.X\Main.asm
          FALSE_CENTENA_6   0x0000b9    program     static C:\Users\souza\MPLABXProjects\Projeto.X\Main.asm
          FALSE_CENTENA_5   0x0000c0    program     static C:\Users\souza\MPLABXProjects\Projeto.X\Main.asm
          FALSE_CENTENA_4   0x0000c7    program     static C:\Users\souza\MPLABXProjects\Projeto.X\Main.asm
          FALSE_CENTENA_3   0x0000ce    program     static C:\Users\souza\MPLABXProjects\Projeto.X\Main.asm
          FALSE_CENTENA_2   0x0000d5    program     static C:\Users\souza\MPLABXProjects\Projeto.X\Main.asm
          FALSE_CENTENA_1   0x0000dc    program     static C:\Users\souza\MPLABXProjects\Projeto.X\Main.asm
          FALSE_CENTENA_0   0x0000e3    program     static C:\Users\souza\MPLABXProjects\Projeto.X\Main.asm
           TRUE_CENTENA_9   0x0000ea    program     static C:\Users\souza\MPLABXProjects\Projeto.X\Main.asm
           TRUE_CENTENA_8   0x0000ec    program     static C:\Users\souza\MPLABXProjects\Projeto.X\Main.asm
           TRUE_CENTENA_7   0x0000ee    program     static C:\Users\souza\MPLABXProjects\Projeto.X\Main.asm
           TRUE_CENTENA_6   0x0000f0    program     static C:\Users\souza\MPLABXProjects\Projeto.X\Main.asm
           TRUE_CENTENA_5   0x0000f2    program     static C:\Users\souza\MPLABXProjects\Projeto.X\Main.asm
           TRUE_CENTENA_4   0x0000f4    program     static C:\Users\souza\MPLABXProjects\Projeto.X\Main.asm
           TRUE_CENTENA_3   0x0000f6    program     static C:\Users\souza\MPLABXProjects\Projeto.X\Main.asm
           TRUE_CENTENA_2   0x0000f8    program     static C:\Users\souza\MPLABXProjects\Projeto.X\Main.asm
           TRUE_CENTENA_1   0x0000fa    program     static C:\Users\souza\MPLABXProjects\Projeto.X\Main.asm
           TRUE_CENTENA_0   0x0000fc    program     static C:\Users\souza\MPLABXProjects\Projeto.X\Main.asm
              SHOW_DEZENA   0x0000fe    program     static C:\Users\souza\MPLABXProjects\Projeto.X\Main.asm
           FALSE_DEZENA_8   0x000106    program     static C:\Users\souza\MPLABXProjects\Projeto.X\Main.asm
           FALSE_DEZENA_7   0x00010d    program     static C:\Users\souza\MPLABXProjects\Projeto.X\Main.asm
           FALSE_DEZENA_6   0x000114    program     static C:\Users\souza\MPLABXProjects\Projeto.X\Main.asm
           FALSE_DEZENA_5   0x00011b    program     static C:\Users\souza\MPLABXProjects\Projeto.X\Main.asm
           FALSE_DEZENA_4   0x000122    program     static C:\Users\souza\MPLABXProjects\Projeto.X\Main.asm
           FALSE_DEZENA_3   0x000129    program     static C:\Users\souza\MPLABXProjects\Projeto.X\Main.asm
           FALSE_DEZENA_2   0x000130    program     static C:\Users\souza\MPLABXProjects\Projeto.X\Main.asm
           FALSE_DEZENA_1   0x000137    program     static C:\Users\souza\MPLABXProjects\Projeto.X\Main.asm
           FALSE_DEZENA_0   0x00013e    program     static C:\Users\souza\MPLABXProjects\Projeto.X\Main.asm
            TRUE_DEZENA_9   0x000145    program     static C:\Users\souza\MPLABXProjects\Projeto.X\Main.asm
            TRUE_DEZENA_8   0x000147    program     static C:\Users\souza\MPLABXProjects\Projeto.X\Main.asm
            TRUE_DEZENA_7   0x000149    program     static C:\Users\souza\MPLABXProjects\Projeto.X\Main.asm
            TRUE_DEZENA_6   0x00014b    program     static C:\Users\souza\MPLABXProjects\Projeto.X\Main.asm
            TRUE_DEZENA_5   0x00014d    program     static C:\Users\souza\MPLABXProjects\Projeto.X\Main.asm
            TRUE_DEZENA_4   0x00014f    program     static C:\Users\souza\MPLABXProjects\Projeto.X\Main.asm
            TRUE_DEZENA_3   0x000151    program     static C:\Users\souza\MPLABXProjects\Projeto.X\Main.asm
            TRUE_DEZENA_2   0x000153    program     static C:\Users\souza\MPLABXProjects\Projeto.X\Main.asm
            TRUE_DEZENA_1   0x000155    program     static C:\Users\souza\MPLABXProjects\Projeto.X\Main.asm
            TRUE_DEZENA_0   0x000157    program     static C:\Users\souza\MPLABXProjects\Projeto.X\Main.asm
             SHOW_UNIDADE   0x000159    program     static C:\Users\souza\MPLABXProjects\Projeto.X\Main.asm
          FALSE_UNIDADE_8   0x000161    program     static C:\Users\souza\MPLABXProjects\Projeto.X\Main.asm
          FALSE_UNIDADE_7   0x000168    program     static C:\Users\souza\MPLABXProjects\Projeto.X\Main.asm
          FALSE_UNIDADE_6   0x00016f    program     static C:\Users\souza\MPLABXProjects\Projeto.X\Main.asm
          FALSE_UNIDADE_5   0x000176    program     static C:\Users\souza\MPLABXProjects\Projeto.X\Main.asm
          FALSE_UNIDADE_4   0x00017d    program     static C:\Users\souza\MPLABXProjects\Projeto.X\Main.asm
          FALSE_UNIDADE_3   0x000184    program     static C:\Users\souza\MPLABXProjects\Projeto.X\Main.asm
          FALSE_UNIDADE_2   0x00018b    program     static C:\Users\souza\MPLABXProjects\Projeto.X\Main.asm
          FALSE_UNIDADE_1   0x000192    program     static C:\Users\souza\MPLABXProjects\Projeto.X\Main.asm
          FALSE_UNIDADE_0   0x000199    program     static C:\Users\souza\MPLABXProjects\Projeto.X\Main.asm
           TRUE_UNIDADE_9   0x0001a0    program     static C:\Users\souza\MPLABXProjects\Projeto.X\Main.asm
           TRUE_UNIDADE_8   0x0001a2    program     static C:\Users\souza\MPLABXProjects\Projeto.X\Main.asm
           TRUE_UNIDADE_7   0x0001a4    program     static C:\Users\souza\MPLABXProjects\Projeto.X\Main.asm
           TRUE_UNIDADE_6   0x0001a6    program     static C:\Users\souza\MPLABXProjects\Projeto.X\Main.asm
           TRUE_UNIDADE_5   0x0001a8    program     static C:\Users\souza\MPLABXProjects\Projeto.X\Main.asm
           TRUE_UNIDADE_4   0x0001aa    program     static C:\Users\souza\MPLABXProjects\Projeto.X\Main.asm
           TRUE_UNIDADE_3   0x0001ac    program     static C:\Users\souza\MPLABXProjects\Projeto.X\Main.asm
           TRUE_UNIDADE_2   0x0001ae    program     static C:\Users\souza\MPLABXProjects\Projeto.X\Main.asm
           TRUE_UNIDADE_1   0x0001b0    program     static C:\Users\souza\MPLABXProjects\Projeto.X\Main.asm
           TRUE_UNIDADE_0   0x0001b2    program     static C:\Users\souza\MPLABXProjects\Projeto.X\Main.asm
                    FINAL   0x0001b4    program     static C:\Users\souza\MPLABXProjects\Projeto.X\Main.asm
          CONFIG_KEYBOARD   0x0001b5    program     static C:\Users\souza\MPLABXProjects\Projeto.X\Main.asm
               INPUT_LOOP   0x0001bf    program     static C:\Users\souza\MPLABXProjects\Projeto.X\Main.asm
                     MOV0   0x0001e5    program     static C:\Users\souza\MPLABXProjects\Projeto.X\Main.asm
                     MOV1   0x0001e8    program     static C:\Users\souza\MPLABXProjects\Projeto.X\Main.asm
                     MOV2   0x0001eb    program     static C:\Users\souza\MPLABXProjects\Projeto.X\Main.asm
                     MOV3   0x0001ee    program     static C:\Users\souza\MPLABXProjects\Projeto.X\Main.asm
                     MOV4   0x0001f1    program     static C:\Users\souza\MPLABXProjects\Projeto.X\Main.asm
                     MOV5   0x0001f4    program     static C:\Users\souza\MPLABXProjects\Projeto.X\Main.asm
                     MOV6   0x0001f7    program     static C:\Users\souza\MPLABXProjects\Projeto.X\Main.asm
                     MOV7   0x0001fa    program     static C:\Users\souza\MPLABXProjects\Projeto.X\Main.asm
                     MOV8   0x0001fd    program     static C:\Users\souza\MPLABXProjects\Projeto.X\Main.asm
                     MOV9   0x000200    program     static C:\Users\souza\MPLABXProjects\Projeto.X\Main.asm
               INPUT_EXIT   0x000203    program     static C:\Users\souza\MPLABXProjects\Projeto.X\Main.asm
            OPERATOR_SOMA   0x000206    program     static C:\Users\souza\MPLABXProjects\Projeto.X\Main.asm
            TESTA_UNIDADE   0x000209    program     static C:\Users\souza\MPLABXProjects\Projeto.X\Main.asm
                U_TESTA11   0x000210    program     static C:\Users\souza\MPLABXProjects\Projeto.X\Main.asm
                U_TESTA12   0x000217    program     static C:\Users\souza\MPLABXProjects\Projeto.X\Main.asm
                U_TESTA13   0x00021e    program     static C:\Users\souza\MPLABXProjects\Projeto.X\Main.asm
                U_TESTA14   0x000225    program     static C:\Users\souza\MPLABXProjects\Projeto.X\Main.asm
                U_TESTA15   0x00022c    program     static C:\Users\souza\MPLABXProjects\Projeto.X\Main.asm
                U_TESTA16   0x000233    program     static C:\Users\souza\MPLABXProjects\Projeto.X\Main.asm
                U_TESTA17   0x00023a    program     static C:\Users\souza\MPLABXProjects\Projeto.X\Main.asm
                U_TESTA18   0x000241    program     static C:\Users\souza\MPLABXProjects\Projeto.X\Main.asm
                U_CARRY_0   0x000248    program     static C:\Users\souza\MPLABXProjects\Projeto.X\Main.asm
                U_CARRY_1   0x00024c    program     static C:\Users\souza\MPLABXProjects\Projeto.X\Main.asm
                U_CARRY_2   0x000250    program     static C:\Users\souza\MPLABXProjects\Projeto.X\Main.asm
                U_CARRY_3   0x000254    program     static C:\Users\souza\MPLABXProjects\Projeto.X\Main.asm
                U_CARRY_4   0x000258    program     static C:\Users\souza\MPLABXProjects\Projeto.X\Main.asm
                U_CARRY_5   0x00025c    program     static C:\Users\souza\MPLABXProjects\Projeto.X\Main.asm
                U_CARRY_6   0x000260    program     static C:\Users\souza\MPLABXProjects\Projeto.X\Main.asm
                U_CARRY_7   0x000264    program     static C:\Users\souza\MPLABXProjects\Projeto.X\Main.asm
                U_CARRY_8   0x000268    program     static C:\Users\souza\MPLABXProjects\Projeto.X\Main.asm
             TESTA_DEZENA   0x00026c    program     static C:\Users\souza\MPLABXProjects\Projeto.X\Main.asm
                D_TESTA11   0x000277    program     static C:\Users\souza\MPLABXProjects\Projeto.X\Main.asm
                D_TESTA12   0x00027e    program     static C:\Users\souza\MPLABXProjects\Projeto.X\Main.asm
                D_TESTA13   0x000285    program     static C:\Users\souza\MPLABXProjects\Projeto.X\Main.asm
                D_TESTA14   0x00028c    program     static C:\Users\souza\MPLABXProjects\Projeto.X\Main.asm
                D_TESTA15   0x000293    program     static C:\Users\souza\MPLABXProjects\Projeto.X\Main.asm
                D_TESTA16   0x00029a    program     static C:\Users\souza\MPLABXProjects\Projeto.X\Main.asm
                D_TESTA17   0x0002a1    program     static C:\Users\souza\MPLABXProjects\Projeto.X\Main.asm
                D_TESTA18   0x0002a8    program     static C:\Users\souza\MPLABXProjects\Projeto.X\Main.asm
                D_TESTA19   0x0002af    program     static C:\Users\souza\MPLABXProjects\Projeto.X\Main.asm
                D_CARRY_0   0x0002b6    program     static C:\Users\souza\MPLABXProjects\Projeto.X\Main.asm
                D_CARRY_1   0x0002ba    program     static C:\Users\souza\MPLABXProjects\Projeto.X\Main.asm
                D_CARRY_2   0x0002be    program     static C:\Users\souza\MPLABXProjects\Projeto.X\Main.asm
                D_CARRY_3   0x0002c2    program     static C:\Users\souza\MPLABXProjects\Projeto.X\Main.asm
                D_CARRY_4   0x0002c6    program     static C:\Users\souza\MPLABXProjects\Projeto.X\Main.asm
                D_CARRY_5   0x0002ca    program     static C:\Users\souza\MPLABXProjects\Projeto.X\Main.asm
                D_CARRY_6   0x0002ce    program     static C:\Users\souza\MPLABXProjects\Projeto.X\Main.asm
                D_CARRY_7   0x0002d2    program     static C:\Users\souza\MPLABXProjects\Projeto.X\Main.asm
                D_CARRY_8   0x0002d6    program     static C:\Users\souza\MPLABXProjects\Projeto.X\Main.asm
                D_CARRY_9   0x0002da    program     static C:\Users\souza\MPLABXProjects\Projeto.X\Main.asm
                    SAIDA   0x0002de    program     static C:\Users\souza\MPLABXProjects\Projeto.X\Main.asm
             OPERATOR_SUB   0x0002df    program     static C:\Users\souza\MPLABXProjects\Projeto.X\Main.asm
                   CASE_0   0x0002ea    program     static C:\Users\souza\MPLABXProjects\Projeto.X\Main.asm
                  REAJUST   0x0002ef    program     static C:\Users\souza\MPLABXProjects\Projeto.X\Main.asm
           OPERATOR_MULTI   0x0002fa    program     static C:\Users\souza\MPLABXProjects\Projeto.X\Main.asm
               CASE_U1XU2   0x00030a    program     static C:\Users\souza\MPLABXProjects\Projeto.X\Main.asm
             LOOP_UNIDADE   0x00030c    program     static C:\Users\souza\MPLABXProjects\Projeto.X\Main.asm
           MTESTA_UNIDADE   0x00030f    program     static C:\Users\souza\MPLABXProjects\Projeto.X\Main.asm
               MU_TESTA11   0x000316    program     static C:\Users\souza\MPLABXProjects\Projeto.X\Main.asm
               MU_TESTA12   0x00031d    program     static C:\Users\souza\MPLABXProjects\Projeto.X\Main.asm
               MU_TESTA13   0x000324    program     static C:\Users\souza\MPLABXProjects\Projeto.X\Main.asm
               MU_TESTA14   0x00032b    program     static C:\Users\souza\MPLABXProjects\Projeto.X\Main.asm
               MU_TESTA15   0x000332    program     static C:\Users\souza\MPLABXProjects\Projeto.X\Main.asm
               MU_TESTA16   0x000339    program     static C:\Users\souza\MPLABXProjects\Projeto.X\Main.asm
               MU_TESTA17   0x000340    program     static C:\Users\souza\MPLABXProjects\Projeto.X\Main.asm
               MU_TESTA18   0x000347    program     static C:\Users\souza\MPLABXProjects\Projeto.X\Main.asm
               MU_CARRY_0   0x00034e    program     static C:\Users\souza\MPLABXProjects\Projeto.X\Main.asm
               MU_CARRY_1   0x000352    program     static C:\Users\souza\MPLABXProjects\Projeto.X\Main.asm
               MU_CARRY_2   0x000356    program     static C:\Users\souza\MPLABXProjects\Projeto.X\Main.asm
               MU_CARRY_3   0x00035a    program     static C:\Users\souza\MPLABXProjects\Projeto.X\Main.asm
               MU_CARRY_4   0x00035e    program     static C:\Users\souza\MPLABXProjects\Projeto.X\Main.asm
               MU_CARRY_5   0x000362    program     static C:\Users\souza\MPLABXProjects\Projeto.X\Main.asm
               MU_CARRY_6   0x000366    program     static C:\Users\souza\MPLABXProjects\Projeto.X\Main.asm
               MU_CARRY_7   0x00036a    program     static C:\Users\souza\MPLABXProjects\Projeto.X\Main.asm
               MU_CARRY_8   0x00036e    program     static C:\Users\souza\MPLABXProjects\Projeto.X\Main.asm
        FIM_TESTE_UNIDADE   0x000372    program     static C:\Users\souza\MPLABXProjects\Projeto.X\Main.asm
               CASE_U1XD2   0x000376    program     static C:\Users\souza\MPLABXProjects\Projeto.X\Main.asm
           LOOP_DEZENA_P2   0x000378    program     static C:\Users\souza\MPLABXProjects\Projeto.X\Main.asm
            MTESTA_DEZENA   0x00037b    program     static C:\Users\souza\MPLABXProjects\Projeto.X\Main.asm
              MD1_TESTA11   0x000382    program     static C:\Users\souza\MPLABXProjects\Projeto.X\Main.asm
              MD1_TESTA12   0x000389    program     static C:\Users\souza\MPLABXProjects\Projeto.X\Main.asm
              MD1_TESTA13   0x000390    program     static C:\Users\souza\MPLABXProjects\Projeto.X\Main.asm
              MD1_TESTA14   0x000397    program     static C:\Users\souza\MPLABXProjects\Projeto.X\Main.asm
              MD1_TESTA15   0x00039e    program     static C:\Users\souza\MPLABXProjects\Projeto.X\Main.asm
              MD1_TESTA16   0x0003a5    program     static C:\Users\souza\MPLABXProjects\Projeto.X\Main.asm
              MD1_TESTA17   0x0003ac    program     static C:\Users\souza\MPLABXProjects\Projeto.X\Main.asm
              MD1_TESTA18   0x0003b3    program     static C:\Users\souza\MPLABXProjects\Projeto.X\Main.asm
              MD1_TESTA19   0x0003ba    program     static C:\Users\souza\MPLABXProjects\Projeto.X\Main.asm
              MD1_CARRY_0   0x0003c1    program     static C:\Users\souza\MPLABXProjects\Projeto.X\Main.asm
              MD1_CARRY_1   0x0003c5    program     static C:\Users\souza\MPLABXProjects\Projeto.X\Main.asm
              MD1_CARRY_2   0x0003c9    program     static C:\Users\souza\MPLABXProjects\Projeto.X\Main.asm
              MD1_CARRY_3   0x0003cd    program     static C:\Users\souza\MPLABXProjects\Projeto.X\Main.asm
              MD1_CARRY_4   0x0003d1    program     static C:\Users\souza\MPLABXProjects\Projeto.X\Main.asm
              MD1_CARRY_5   0x0003d5    program     static C:\Users\souza\MPLABXProjects\Projeto.X\Main.asm
              MD1_CARRY_6   0x0003d9    program     static C:\Users\souza\MPLABXProjects\Projeto.X\Main.asm
              MD1_CARRY_7   0x0003dd    program     static C:\Users\souza\MPLABXProjects\Projeto.X\Main.asm
              MD1_CARRY_8   0x0003e1    program     static C:\Users\souza\MPLABXProjects\Projeto.X\Main.asm
              MD1_CARRY_9   0x0003e5    program     static C:\Users\souza\MPLABXProjects\Projeto.X\Main.asm
       FIM_TESTE_DEZENA_1   0x0003e9    program     static C:\Users\souza\MPLABXProjects\Projeto.X\Main.asm
               CASE_D1XU2   0x0003ed    program     static C:\Users\souza\MPLABXProjects\Projeto.X\Main.asm
           LOOP_DEZENA_P1   0x0003ef    program     static C:\Users\souza\MPLABXProjects\Projeto.X\Main.asm
          MTESTA_DEZENA_2   0x0003f2    program     static C:\Users\souza\MPLABXProjects\Projeto.X\Main.asm
              MD2_TESTA11   0x0003f9    program     static C:\Users\souza\MPLABXProjects\Projeto.X\Main.asm
              MD2_TESTA12   0x000400    program     static C:\Users\souza\MPLABXProjects\Projeto.X\Main.asm
              MD2_TESTA13   0x000407    program     static C:\Users\souza\MPLABXProjects\Projeto.X\Main.asm
              MD2_TESTA14   0x00040e    program     static C:\Users\souza\MPLABXProjects\Projeto.X\Main.asm
              MD2_TESTA15   0x000415    program     static C:\Users\souza\MPLABXProjects\Projeto.X\Main.asm
              MD2_TESTA16   0x00041c    program     static C:\Users\souza\MPLABXProjects\Projeto.X\Main.asm
              MD2_TESTA17   0x000423    program     static C:\Users\souza\MPLABXProjects\Projeto.X\Main.asm
              MD2_TESTA18   0x00042a    program     static C:\Users\souza\MPLABXProjects\Projeto.X\Main.asm
              MD2_TESTA19   0x000431    program     static C:\Users\souza\MPLABXProjects\Projeto.X\Main.asm
              MD2_CARRY_0   0x000438    program     static C:\Users\souza\MPLABXProjects\Projeto.X\Main.asm
              MD2_CARRY_1   0x00043c    program     static C:\Users\souza\MPLABXProjects\Projeto.X\Main.asm
              MD2_CARRY_2   0x000440    program     static C:\Users\souza\MPLABXProjects\Projeto.X\Main.asm
              MD2_CARRY_3   0x000444    program     static C:\Users\souza\MPLABXProjects\Projeto.X\Main.asm
              MD2_CARRY_4   0x000448    program     static C:\Users\souza\MPLABXProjects\Projeto.X\Main.asm
              MD2_CARRY_5   0x00044c    program     static C:\Users\souza\MPLABXProjects\Projeto.X\Main.asm
              MD2_CARRY_6   0x000450    program     static C:\Users\souza\MPLABXProjects\Projeto.X\Main.asm
              MD2_CARRY_7   0x000454    program     static C:\Users\souza\MPLABXProjects\Projeto.X\Main.asm
              MD2_CARRY_8   0x000458    program     static C:\Users\souza\MPLABXProjects\Projeto.X\Main.asm
              MD2_CARRY_9   0x00045c    program     static C:\Users\souza\MPLABXProjects\Projeto.X\Main.asm
       FIM_TESTE_DEZENA_2   0x000460    program     static C:\Users\souza\MPLABXProjects\Projeto.X\Main.asm
               CASE_D1XD2   0x000464    program     static C:\Users\souza\MPLABXProjects\Projeto.X\Main.asm
             LOOP_CENTENA   0x000466    program     static C:\Users\souza\MPLABXProjects\Projeto.X\Main.asm
           MTESTA_CENTENA   0x000469    program     static C:\Users\souza\MPLABXProjects\Projeto.X\Main.asm
               MC_TESTA11   0x000470    program     static C:\Users\souza\MPLABXProjects\Projeto.X\Main.asm
               MC_TESTA12   0x000477    program     static C:\Users\souza\MPLABXProjects\Projeto.X\Main.asm
               MC_TESTA13   0x00047e    program     static C:\Users\souza\MPLABXProjects\Projeto.X\Main.asm
               MC_TESTA14   0x000485    program     static C:\Users\souza\MPLABXProjects\Projeto.X\Main.asm
               MC_TESTA15   0x00048c    program     static C:\Users\souza\MPLABXProjects\Projeto.X\Main.asm
               MC_TESTA16   0x000493    program     static C:\Users\souza\MPLABXProjects\Projeto.X\Main.asm
               MC_TESTA17   0x00049a    program     static C:\Users\souza\MPLABXProjects\Projeto.X\Main.asm
               MC_TESTA18   0x0004a1    program     static C:\Users\souza\MPLABXProjects\Projeto.X\Main.asm
               MC_TESTA19   0x0004a8    program     static C:\Users\souza\MPLABXProjects\Projeto.X\Main.asm
               MC_CARRY_0   0x0004af    program     static C:\Users\souza\MPLABXProjects\Projeto.X\Main.asm
               MC_CARRY_1   0x0004b3    program     static C:\Users\souza\MPLABXProjects\Projeto.X\Main.asm
               MC_CARRY_2   0x0004b7    program     static C:\Users\souza\MPLABXProjects\Projeto.X\Main.asm
               MC_CARRY_3   0x0004bb    program     static C:\Users\souza\MPLABXProjects\Projeto.X\Main.asm
               MC_CARRY_4   0x0004bf    program     static C:\Users\souza\MPLABXProjects\Projeto.X\Main.asm
               MC_CARRY_5   0x0004c3    program     static C:\Users\souza\MPLABXProjects\Projeto.X\Main.asm
               MC_CARRY_6   0x0004c7    program     static C:\Users\souza\MPLABXProjects\Projeto.X\Main.asm
               MC_CARRY_7   0x0004cb    program     static C:\Users\souza\MPLABXProjects\Projeto.X\Main.asm
               MC_CARRY_8   0x0004cf    program     static C:\Users\souza\MPLABXProjects\Projeto.X\Main.asm
               MC_CARRY_9   0x0004d3    program     static C:\Users\souza\MPLABXProjects\Projeto.X\Main.asm
        FIM_TESTE_CENTENA   0x0004d7    program     static C:\Users\souza\MPLABXProjects\Projeto.X\Main.asm
                    START   0x0004db    program     static C:\Users\souza\MPLABXProjects\Projeto.X\Main.asm
                     LOOP   0x0004ef    program     static C:\Users\souza\MPLABXProjects\Projeto.X\Main.asm
                DELAY_FT1   0x000020       data     static C:\Users\souza\MPLABXProjects\Projeto.X\Main.asm
                DELAY_FT2   0x000021       data     static C:\Users\souza\MPLABXProjects\Projeto.X\Main.asm
                DELAY_FT3   0x000022       data     static C:\Users\souza\MPLABXProjects\Projeto.X\Main.asm
                  RES_SUB   0x000023       data     static C:\Users\souza\MPLABXProjects\Projeto.X\Main.asm
                  RES_SOM   0x000024       data     static C:\Users\souza\MPLABXProjects\Projeto.X\Main.asm
               AUX_INPUTD   0x000025       data     static C:\Users\souza\MPLABXProjects\Projeto.X\Main.asm
               AUX_INPUTU   0x000026       data     static C:\Users\souza\MPLABXProjects\Projeto.X\Main.asm
                   MILHAR   0x000027       data     static C:\Users\souza\MPLABXProjects\Projeto.X\Main.asm
                  CENTENA   0x000028       data     static C:\Users\souza\MPLABXProjects\Projeto.X\Main.asm
                   DEZENA   0x000029       data     static C:\Users\souza\MPLABXProjects\Projeto.X\Main.asm
                  UNIDADE   0x00002a       data     static C:\Users\souza\MPLABXProjects\Projeto.X\Main.asm
                INPUT_VAL   0x00002b       data     static C:\Users\souza\MPLABXProjects\Projeto.X\Main.asm
                 INPUT_D1   0x00002c       data     static C:\Users\souza\MPLABXProjects\Projeto.X\Main.asm
                 INPUT_U1   0x00002d       data     static C:\Users\souza\MPLABXProjects\Projeto.X\Main.asm
                 INPUT_D2   0x00002e       data     static C:\Users\souza\MPLABXProjects\Projeto.X\Main.asm
                 INPUT_U2   0x00002f       data     static C:\Users\souza\MPLABXProjects\Projeto.X\Main.asm


